---
version: 1
interactions:
- request:
    body: '{"hostname_prefix":"getmanageddatabaseconnections","plan":"2x2xCPU-4GB-100GB","properties":{"automatic_utility_network_ip_filter":true,"ip_filter":["0.0.0.0/0"],"public_access":true},"title":"getmanageddatabaseconnections","type":"pg","zone":"fi-hel2","maintenance":{"dow":"monday","time":"12:00:00"}}'
    form: {}
    headers:
      Accept:
      - application/json
      Content-Type:
      - application/json
      User-Agent:
      - upcloud-go-api/6.1.1
    url: https://api.upcloud.com/1.3/database
    method: POST
  response:
    body: '{"backups":[],"components":[{"component":"pg","host":"getmanageddatabaseconnections-zhbmidiechch.db.upclouddatabases.com","port":11550,"route":"dynamic","usage":"primary"},{"component":"pg","host":"replica-getmanageddatabaseconnections-zhbmidiechch.db.upclouddatabases.com","port":11550,"route":"dynamic","usage":"replica"},{"component":"pg","host":"public-getmanageddatabaseconnections-zhbmidiechch.db.upclouddatabases.com","port":11550,"route":"public","usage":"primary"},{"component":"pg","host":"public-replica-getmanageddatabaseconnections-zhbmidiechch.db.upclouddatabases.com","port":11550,"route":"public","usage":"replica"},{"component":"pgbouncer","host":"getmanageddatabaseconnections-zhbmidiechch.db.upclouddatabases.com","port":11551,"route":"dynamic","usage":"primary"},{"component":"pgbouncer","host":"replica-getmanageddatabaseconnections-zhbmidiechch.db.upclouddatabases.com","port":11551,"route":"dynamic","usage":"replica"},{"component":"pgbouncer","host":"public-getmanageddatabaseconnections-zhbmidiechch.db.upclouddatabases.com","port":11551,"route":"public","usage":"primary"},{"component":"pgbouncer","host":"public-replica-getmanageddatabaseconnections-zhbmidiechch.db.upclouddatabases.com","port":11551,"route":"public","usage":"replica"}],"create_time":"0001-01-01T00:00:00Z","maintenance":{"dow":"monday","time":"12:00:00","pending_updates":[]},"name":"getmanageddatabaseconnections","node_count":2,"node_states":[],"plan":"2x2xCPU-4GB-100GB","powered":true,"metadata":{"max_connections":100,"pg_version":"15","write_block_threshold_exceeded":null},"properties":{"automatic_utility_network_ip_filter":true,"backup_hour":18,"backup_minute":33,"ip_filter":["0.0.0.0/0"],"pg_stat_monitor_enable":false,"pglookout":{"max_failover_replication_time_lag":60},"public_access":true,"version":"15"},"uuid":"0991ffd6-7694-485e-ba1c-59771a470bbf","state":"rebuilding","title":"getmanageddatabaseconnections","type":"pg","update_time":"0001-01-01T00:00:00Z","service_uri":"postgres://upadmin:AVNS_PYe5Vr8KiC5KXqu96Cw@getmanageddatabaseconnections-zhbmidiechch.db.upclouddatabases.com:11550/defaultdb?sslmode=require","service_uri_params":{"dbname":"defaultdb","host":"getmanageddatabaseconnections-zhbmidiechch.db.upclouddatabases.com","password":"AVNS_PYe5Vr8KiC5KXqu96Cw","port":"11550","ssl_mode":"require","user":"upadmin"},"users":[{"username":"upadmin","type":"primary"}],"databases":[{"name":"defaultdb"}],"zone":"fi-hel2"}'
    headers:
      Access-Control-Allow-Origin:
      - '*'
      Content-Type:
      - application/json
      Date:
      - Wed, 17 May 2023 06:46:24 GMT
      Strict-Transport-Security:
      - max-age=63072000
    status: 200 OK
    code: 200
    duration: ""
- request:
    body: ""
    form: {}
    headers:
      Accept:
      - application/json
      Content-Type:
      - application/json
      User-Agent:
      - upcloud-go-api/6.1.1
    url: https://api.upcloud.com/1.3/database/0991ffd6-7694-485e-ba1c-59771a470bbf/connections?limit=1000
    method: GET
  response:
    body: '[]'
    headers:
      Access-Control-Allow-Origin:
      - '*'
      Content-Length:
      - "2"
      Content-Type:
      - application/json
      Date:
      - Wed, 17 May 2023 06:51:14 GMT
      Strict-Transport-Security:
      - max-age=63072000
    status: 200 OK
    code: 200
    duration: ""
- request:
    body: ""
    form: {}
    headers:
      Accept:
      - application/json
      Content-Type:
      - application/json
      User-Agent:
      - upcloud-go-api/6.1.1
    url: https://api.upcloud.com/1.3/database/0991ffd6-7694-485e-ba1c-59771a470bbf/connections/0?terminate=true
    method: DELETE
  response:
    body: '{"error":{"error_code":"VALIDATION_ERROR","error_message":"Must provide a connection ''pid''."}}'
    headers:
      Content-Length:
      - "94"
      Content-Type:
      - application/json
      Date:
      - Wed, 17 May 2023 06:51:14 GMT
      Strict-Transport-Security:
      - max-age=63072000
    status: 400 Bad Request
    code: 400
    duration: ""
- request:
    body: ""
    form: {}
    headers:
      Accept:
      - application/json
      Content-Type:
      - application/json
      User-Agent:
      - upcloud-go-api/6.1.1
    url: https://api.upcloud.com/1.3/database/0991ffd6-7694-485e-ba1c-59771a470bbf/connections/0?
    method: DELETE
  response:
    body: '{"error":{"error_code":"VALIDATION_ERROR","error_message":"Must provide a connection ''pid''."}}'
    headers:
      Content-Length:
      - "94"
      Content-Type:
      - application/json
      Date:
      - Wed, 17 May 2023 06:51:14 GMT
      Strict-Transport-Security:
      - max-age=63072000
    status: 400 Bad Request
    code: 400
    duration: ""
- request:
    body: ""
    form: {}
    headers:
      Accept:
      - application/json
      Content-Type:
      - application/json
      User-Agent:
      - upcloud-go-api/6.1.1
    url: https://api.upcloud.com/1.3/database/0991ffd6-7694-485e-ba1c-59771a470bbf
    method: DELETE
  response:
    body: ""
    headers:
      Date:
      - Wed, 17 May 2023 06:51:15 GMT
      Strict-Transport-Security:
      - max-age=63072000
    status: 204 No Content
    code: 204
    duration: ""
