---
version: 1
interactions:
- request:
    body: '{"network":{"name":"go-test-lb-1686161426","zone":"fi-hel1","ip_networks":{"ip_network":[{"address":"172.16.1.0/24","dhcp":"yes","dhcp_default_route":"no","family":"IPv4"}]}}}'
    form: {}
    headers:
      Accept:
      - application/json
      Content-Type:
      - application/json
      User-Agent:
      - upcloud-go-api/6.3.1
    url: https://api.upcloud.com/1.3/network/
    method: POST
  response:
    body: |
      {
         "network" : {
            "ip_networks" : {
               "ip_network" : [
                  {
                     "address" : "172.16.1.0/24",
                     "dhcp" : "yes",
                     "dhcp_default_route" : "no",
                     "family" : "IPv4",
                     "gateway" : "172.16.1.1"
                  }
               ]
            },
            "labels" : [],
            "name" : "go-test-lb-1686161426",
            "type" : "private",
            "uuid" : "03c2e1f3-13b6-4891-92f8-995195c9e2a3",
            "zone" : "fi-hel1"
         }
      }
    headers:
      Content-Length:
      - "484"
      Content-Type:
      - application/json; charset=UTF-8
      Date:
      - Wed, 07 Jun 2023 18:10:26 GMT
      Server:
      - Apache
      Strict-Transport-Security:
      - max-age=63072000
    status: 201 Created
    code: 201
    duration: ""
- request:
    body: '{"name":"go-test-lb-fi-hel1-1686161427","plan":"development","zone":"fi-hel1","network_uuid":"03c2e1f3-13b6-4891-92f8-995195c9e2a3","configured_status":"started","frontends":[],"backends":[],"resolvers":[]}'
    form: {}
    headers:
      Accept:
      - application/json
      Content-Type:
      - application/json
      User-Agent:
      - upcloud-go-api/6.3.1
    url: https://api.upcloud.com/1.3/load-balancer
    method: POST
  response:
    body: '{"backends":[],"configured_status":"started","created_at":"2023-06-07T18:10:27.391155Z","dns_name":"lb-0a5955c8e31a447e86e77ecab95a6ab8-1.upcloudlb.com","frontends":[],"labels":[],"maintenance_dow":"sunday","maintenance_time":"00:20:29Z","name":"go-test-lb-fi-hel1-1686161427","network_uuid":"03c2e1f3-13b6-4891-92f8-995195c9e2a3","networks":[{"created_at":"2023-06-07T18:10:27.391155Z","dns_name":"lb-0a5955c8e31a447e86e77ecab95a6ab8-1.upcloudlb.com","family":"IPv4","name":"public-IPv4","type":"public","updated_at":"2023-06-07T18:10:27.391155Z"},{"created_at":"2023-06-07T18:10:27.391155Z","dns_name":"lb-0a5955c8e31a447e86e77ecab95a6ab8-2.upcloudlb.com","family":"IPv4","name":"private-IPv4","type":"private","updated_at":"2023-06-07T18:10:27.391155Z","uuid":"03c2e1f3-13b6-4891-92f8-995195c9e2a3"}],"nodes":[],"operational_state":"pending","plan":"development","resolvers":[],"updated_at":"2023-06-07T18:10:27.391155Z","uuid":"0a5955c8-e31a-447e-86e7-7ecab95a6ab8","zone":"fi-hel1"}'
    headers:
      Content-Length:
      - "987"
      Content-Type:
      - application/json
      Date:
      - Wed, 07 Jun 2023 18:10:27 GMT
      Strict-Transport-Security:
      - max-age=63072000
    status: 201 Created
    code: 201
    duration: ""
- request:
    body: '{"name":"new-name-for-lb"}'
    form: {}
    headers:
      Accept:
      - application/json
      Content-Type:
      - application/json
      User-Agent:
      - upcloud-go-api/6.3.1
    url: https://api.upcloud.com/1.3/load-balancer/0a5955c8-e31a-447e-86e7-7ecab95a6ab8
    method: PATCH
  response:
    body: '{"backends":[],"configured_status":"started","created_at":"2023-06-07T18:10:27.391155Z","dns_name":"lb-0a5955c8e31a447e86e77ecab95a6ab8-1.upcloudlb.com","frontends":[],"labels":[],"maintenance_dow":"sunday","maintenance_time":"00:20:29Z","name":"new-name-for-lb","network_uuid":"03c2e1f3-13b6-4891-92f8-995195c9e2a3","networks":[{"created_at":"2023-06-07T18:10:27.391155Z","dns_name":"lb-0a5955c8e31a447e86e77ecab95a6ab8-1.upcloudlb.com","family":"IPv4","name":"public-IPv4","type":"public","updated_at":"2023-06-07T18:10:27.391155Z"},{"created_at":"2023-06-07T18:10:27.391155Z","dns_name":"lb-0a5955c8e31a447e86e77ecab95a6ab8-2.upcloudlb.com","family":"IPv4","name":"private-IPv4","type":"private","updated_at":"2023-06-07T18:10:27.391155Z","uuid":"03c2e1f3-13b6-4891-92f8-995195c9e2a3"}],"nodes":[{"networks":[],"operational_state":"pending"}],"operational_state":"pending","plan":"development","resolvers":[],"updated_at":"2023-06-07T18:10:27.587302Z","uuid":"0a5955c8-e31a-447e-86e7-7ecab95a6ab8","zone":"fi-hel1"}'
    headers:
      Content-Length:
      - "1018"
      Content-Type:
      - application/json
      Date:
      - Wed, 07 Jun 2023 18:10:27 GMT
      Strict-Transport-Security:
      - max-age=63072000
    status: 200 OK
    code: 200
    duration: ""
- request:
    body: ""
    form: {}
    headers:
      Accept:
      - application/json
      Content-Type:
      - application/json
      User-Agent:
      - upcloud-go-api/6.3.1
    url: https://api.upcloud.com/1.3/load-balancer/0a5955c8-e31a-447e-86e7-7ecab95a6ab8
    method: GET
  response:
    body: '{"backends":[],"configured_status":"started","created_at":"2023-06-07T18:10:27.391155Z","dns_name":"lb-0a5955c8e31a447e86e77ecab95a6ab8-1.upcloudlb.com","frontends":[],"labels":[],"maintenance_dow":"sunday","maintenance_time":"00:20:29Z","name":"new-name-for-lb","network_uuid":"03c2e1f3-13b6-4891-92f8-995195c9e2a3","networks":[{"created_at":"2023-06-07T18:10:27.391155Z","dns_name":"lb-0a5955c8e31a447e86e77ecab95a6ab8-1.upcloudlb.com","family":"IPv4","name":"public-IPv4","type":"public","updated_at":"2023-06-07T18:10:27.391155Z"},{"created_at":"2023-06-07T18:10:27.391155Z","dns_name":"lb-0a5955c8e31a447e86e77ecab95a6ab8-2.upcloudlb.com","family":"IPv4","name":"private-IPv4","type":"private","updated_at":"2023-06-07T18:10:27.391155Z","uuid":"03c2e1f3-13b6-4891-92f8-995195c9e2a3"}],"nodes":[{"networks":[],"operational_state":"pending"}],"operational_state":"pending","plan":"development","resolvers":[],"updated_at":"2023-06-07T18:10:27.599554Z","uuid":"0a5955c8-e31a-447e-86e7-7ecab95a6ab8","zone":"fi-hel1"}'
    headers:
      Content-Length:
      - "1018"
      Content-Type:
      - application/json
      Date:
      - Wed, 07 Jun 2023 18:10:27 GMT
      Strict-Transport-Security:
      - max-age=63072000
    status: 200 OK
    code: 200
    duration: ""
- request:
    body: ""
    form: {}
    headers:
      Accept:
      - application/json
      Content-Type:
      - application/json
      User-Agent:
      - upcloud-go-api/6.3.1
    url: https://api.upcloud.com/1.3/load-balancer?limit=100&offset=0
    method: GET
  response:
    body: '[{"backends":[],"configured_status":"started","created_at":"2023-06-07T18:10:27.391155Z","dns_name":"lb-0a5955c8e31a447e86e77ecab95a6ab8-1.upcloudlb.com","frontends":[],"labels":[],"maintenance_dow":"sunday","maintenance_time":"00:20:29Z","name":"new-name-for-lb","network_uuid":"03c2e1f3-13b6-4891-92f8-995195c9e2a3","networks":[{"created_at":"2023-06-07T18:10:27.391155Z","dns_name":"lb-0a5955c8e31a447e86e77ecab95a6ab8-1.upcloudlb.com","family":"IPv4","name":"public-IPv4","type":"public","updated_at":"2023-06-07T18:10:27.391155Z"},{"created_at":"2023-06-07T18:10:27.391155Z","dns_name":"lb-0a5955c8e31a447e86e77ecab95a6ab8-2.upcloudlb.com","family":"IPv4","name":"private-IPv4","type":"private","updated_at":"2023-06-07T18:10:27.391155Z","uuid":"03c2e1f3-13b6-4891-92f8-995195c9e2a3"}],"nodes":[{"networks":[],"operational_state":"pending"}],"operational_state":"pending","plan":"development","resolvers":[],"updated_at":"2023-06-07T18:10:27.599554Z","uuid":"0a5955c8-e31a-447e-86e7-7ecab95a6ab8","zone":"fi-hel1"}]'
    headers:
      Content-Length:
      - "1020"
      Content-Type:
      - application/json
      Date:
      - Wed, 07 Jun 2023 18:10:27 GMT
      Strict-Transport-Security:
      - max-age=63072000
    status: 200 OK
    code: 200
    duration: ""
- request:
    body: ""
    form: {}
    headers:
      Accept:
      - application/json
      Content-Type:
      - application/json
      User-Agent:
      - upcloud-go-api/6.3.1
    url: https://api.upcloud.com/1.3/load-balancer/0a5955c8-e31a-447e-86e7-7ecab95a6ab8
    method: DELETE
  response:
    body: ""
    headers:
      Date:
      - Wed, 07 Jun 2023 18:10:27 GMT
      Strict-Transport-Security:
      - max-age=63072000
    status: 204 No Content
    code: 204
    duration: ""
- request:
    body: ""
    form: {}
    headers:
      Accept:
      - application/json
      Content-Type:
      - application/json
      User-Agent:
      - upcloud-go-api/6.3.1
    url: https://api.upcloud.com/1.3/load-balancer/0a5955c8-e31a-447e-86e7-7ecab95a6ab8
    method: GET
  response:
    body: '{"backends":[],"configured_status":"started","created_at":"2023-06-07T18:10:27.391155Z","dns_name":"lb-0a5955c8e31a447e86e77ecab95a6ab8-1.upcloudlb.com","frontends":[],"labels":[],"maintenance_dow":"sunday","maintenance_time":"00:20:29Z","name":"new-name-for-lb","network_uuid":"03c2e1f3-13b6-4891-92f8-995195c9e2a3","networks":[{"created_at":"2023-06-07T18:10:27.391155Z","dns_name":"lb-0a5955c8e31a447e86e77ecab95a6ab8-1.upcloudlb.com","family":"IPv4","name":"public-IPv4","type":"public","updated_at":"2023-06-07T18:10:27.391155Z"},{"created_at":"2023-06-07T18:10:27.391155Z","dns_name":"lb-0a5955c8e31a447e86e77ecab95a6ab8-2.upcloudlb.com","family":"IPv4","name":"private-IPv4","type":"private","updated_at":"2023-06-07T18:10:27.391155Z","uuid":"03c2e1f3-13b6-4891-92f8-995195c9e2a3"}],"nodes":[{"networks":[],"operational_state":"pending"}],"operational_state":"pending","plan":"development","resolvers":[],"updated_at":"2023-06-07T18:10:27.943516Z","uuid":"0a5955c8-e31a-447e-86e7-7ecab95a6ab8","zone":"fi-hel1"}'
    headers:
      Content-Length:
      - "1018"
      Content-Type:
      - application/json
      Date:
      - Wed, 07 Jun 2023 18:10:28 GMT
      Strict-Transport-Security:
      - max-age=63072000
    status: 200 OK
    code: 200
    duration: ""
- request:
    body: ""
    form: {}
    headers:
      Accept:
      - application/json
      Content-Type:
      - application/json
      User-Agent:
      - upcloud-go-api/6.3.1
    url: https://api.upcloud.com/1.3/load-balancer/0a5955c8-e31a-447e-86e7-7ecab95a6ab8
    method: GET
  response:
    body: '{"backends":[],"configured_status":"started","created_at":"2023-06-07T18:10:27.391155Z","dns_name":"lb-0a5955c8e31a447e86e77ecab95a6ab8-1.upcloudlb.com","frontends":[],"labels":[],"maintenance_dow":"sunday","maintenance_time":"00:20:29Z","name":"new-name-for-lb","network_uuid":"03c2e1f3-13b6-4891-92f8-995195c9e2a3","networks":[{"created_at":"2023-06-07T18:10:27.391155Z","dns_name":"lb-0a5955c8e31a447e86e77ecab95a6ab8-1.upcloudlb.com","family":"IPv4","name":"public-IPv4","type":"public","updated_at":"2023-06-07T18:10:27.391155Z"},{"created_at":"2023-06-07T18:10:27.391155Z","dns_name":"lb-0a5955c8e31a447e86e77ecab95a6ab8-2.upcloudlb.com","family":"IPv4","name":"private-IPv4","type":"private","updated_at":"2023-06-07T18:10:27.391155Z","uuid":"03c2e1f3-13b6-4891-92f8-995195c9e2a3"}],"nodes":[{"networks":[],"operational_state":"pending"}],"operational_state":"pending","plan":"development","resolvers":[],"updated_at":"2023-06-07T18:10:27.943516Z","uuid":"0a5955c8-e31a-447e-86e7-7ecab95a6ab8","zone":"fi-hel1"}'
    headers:
      Content-Length:
      - "1018"
      Content-Type:
      - application/json
      Date:
      - Wed, 07 Jun 2023 18:10:30 GMT
      Strict-Transport-Security:
      - max-age=63072000
    status: 200 OK
    code: 200
    duration: ""
- request:
    body: ""
    form: {}
    headers:
      Accept:
      - application/json
      Content-Type:
      - application/json
      User-Agent:
      - upcloud-go-api/6.3.1
    url: https://api.upcloud.com/1.3/load-balancer/0a5955c8-e31a-447e-86e7-7ecab95a6ab8
    method: GET
  response:
    body: '{"backends":[],"configured_status":"started","created_at":"2023-06-07T18:10:27.391155Z","dns_name":"lb-0a5955c8e31a447e86e77ecab95a6ab8-1.upcloudlb.com","frontends":[],"labels":[],"maintenance_dow":"sunday","maintenance_time":"00:20:29Z","name":"new-name-for-lb","network_uuid":"03c2e1f3-13b6-4891-92f8-995195c9e2a3","networks":[{"created_at":"2023-06-07T18:10:27.391155Z","dns_name":"lb-0a5955c8e31a447e86e77ecab95a6ab8-1.upcloudlb.com","family":"IPv4","name":"public-IPv4","type":"public","updated_at":"2023-06-07T18:10:27.391155Z"},{"created_at":"2023-06-07T18:10:27.391155Z","dns_name":"lb-0a5955c8e31a447e86e77ecab95a6ab8-2.upcloudlb.com","family":"IPv4","name":"private-IPv4","type":"private","updated_at":"2023-06-07T18:10:27.391155Z","uuid":"03c2e1f3-13b6-4891-92f8-995195c9e2a3"}],"nodes":[{"networks":[],"operational_state":"pending"}],"operational_state":"pending","plan":"development","resolvers":[],"updated_at":"2023-06-07T18:10:27.943516Z","uuid":"0a5955c8-e31a-447e-86e7-7ecab95a6ab8","zone":"fi-hel1"}'
    headers:
      Content-Length:
      - "1018"
      Content-Type:
      - application/json
      Date:
      - Wed, 07 Jun 2023 18:10:32 GMT
      Strict-Transport-Security:
      - max-age=63072000
    status: 200 OK
    code: 200
    duration: ""
- request:
    body: ""
    form: {}
    headers:
      Accept:
      - application/json
      Content-Type:
      - application/json
      User-Agent:
      - upcloud-go-api/6.3.1
    url: https://api.upcloud.com/1.3/load-balancer/0a5955c8-e31a-447e-86e7-7ecab95a6ab8
    method: GET
  response:
    body: '{"backends":[],"configured_status":"started","created_at":"2023-06-07T18:10:27.391155Z","dns_name":"lb-0a5955c8e31a447e86e77ecab95a6ab8-1.upcloudlb.com","frontends":[],"labels":[],"maintenance_dow":"sunday","maintenance_time":"00:20:29Z","name":"new-name-for-lb","network_uuid":"03c2e1f3-13b6-4891-92f8-995195c9e2a3","networks":[{"created_at":"2023-06-07T18:10:27.391155Z","dns_name":"lb-0a5955c8e31a447e86e77ecab95a6ab8-1.upcloudlb.com","family":"IPv4","name":"public-IPv4","type":"public","updated_at":"2023-06-07T18:10:27.391155Z"},{"created_at":"2023-06-07T18:10:27.391155Z","dns_name":"lb-0a5955c8e31a447e86e77ecab95a6ab8-2.upcloudlb.com","family":"IPv4","name":"private-IPv4","type":"private","updated_at":"2023-06-07T18:10:27.391155Z","uuid":"03c2e1f3-13b6-4891-92f8-995195c9e2a3"}],"nodes":[{"networks":[],"operational_state":"pending"}],"operational_state":"delete-server","plan":"development","resolvers":[],"updated_at":"2023-06-07T18:10:33.088485Z","uuid":"0a5955c8-e31a-447e-86e7-7ecab95a6ab8","zone":"fi-hel1"}'
    headers:
      Content-Length:
      - "1024"
      Content-Type:
      - application/json
      Date:
      - Wed, 07 Jun 2023 18:10:34 GMT
      Strict-Transport-Security:
      - max-age=63072000
    status: 200 OK
    code: 200
    duration: ""
- request:
    body: ""
    form: {}
    headers:
      Accept:
      - application/json
      Content-Type:
      - application/json
      User-Agent:
      - upcloud-go-api/6.3.1
    url: https://api.upcloud.com/1.3/load-balancer/0a5955c8-e31a-447e-86e7-7ecab95a6ab8
    method: GET
  response:
    body: '{"backends":[],"configured_status":"started","created_at":"2023-06-07T18:10:27.391155Z","dns_name":"lb-0a5955c8e31a447e86e77ecab95a6ab8-1.upcloudlb.com","frontends":[],"labels":[],"maintenance_dow":"sunday","maintenance_time":"00:20:29Z","name":"new-name-for-lb","network_uuid":"03c2e1f3-13b6-4891-92f8-995195c9e2a3","networks":[{"created_at":"2023-06-07T18:10:27.391155Z","dns_name":"lb-0a5955c8e31a447e86e77ecab95a6ab8-1.upcloudlb.com","family":"IPv4","name":"public-IPv4","type":"public","updated_at":"2023-06-07T18:10:27.391155Z"},{"created_at":"2023-06-07T18:10:27.391155Z","dns_name":"lb-0a5955c8e31a447e86e77ecab95a6ab8-2.upcloudlb.com","family":"IPv4","name":"private-IPv4","type":"private","updated_at":"2023-06-07T18:10:27.391155Z","uuid":"03c2e1f3-13b6-4891-92f8-995195c9e2a3"}],"nodes":[{"networks":[],"operational_state":"pending"}],"operational_state":"delete-server","plan":"development","resolvers":[],"updated_at":"2023-06-07T18:10:33.088485Z","uuid":"0a5955c8-e31a-447e-86e7-7ecab95a6ab8","zone":"fi-hel1"}'
    headers:
      Content-Length:
      - "1024"
      Content-Type:
      - application/json
      Date:
      - Wed, 07 Jun 2023 18:10:36 GMT
      Strict-Transport-Security:
      - max-age=63072000
    status: 200 OK
    code: 200
    duration: ""
- request:
    body: ""
    form: {}
    headers:
      Accept:
      - application/json
      Content-Type:
      - application/json
      User-Agent:
      - upcloud-go-api/6.3.1
    url: https://api.upcloud.com/1.3/load-balancer/0a5955c8-e31a-447e-86e7-7ecab95a6ab8
    method: GET
  response:
    body: '{"backends":[],"configured_status":"started","created_at":"2023-06-07T18:10:27.391155Z","dns_name":"lb-0a5955c8e31a447e86e77ecab95a6ab8-1.upcloudlb.com","frontends":[],"labels":[],"maintenance_dow":"sunday","maintenance_time":"00:20:29Z","name":"new-name-for-lb","network_uuid":"03c2e1f3-13b6-4891-92f8-995195c9e2a3","networks":[{"created_at":"2023-06-07T18:10:27.391155Z","dns_name":"lb-0a5955c8e31a447e86e77ecab95a6ab8-1.upcloudlb.com","family":"IPv4","name":"public-IPv4","type":"public","updated_at":"2023-06-07T18:10:27.391155Z"},{"created_at":"2023-06-07T18:10:27.391155Z","dns_name":"lb-0a5955c8e31a447e86e77ecab95a6ab8-2.upcloudlb.com","family":"IPv4","name":"private-IPv4","type":"private","updated_at":"2023-06-07T18:10:27.391155Z","uuid":"03c2e1f3-13b6-4891-92f8-995195c9e2a3"}],"nodes":[{"networks":[],"operational_state":"pending"}],"operational_state":"delete-server","plan":"development","resolvers":[],"updated_at":"2023-06-07T18:10:33.088485Z","uuid":"0a5955c8-e31a-447e-86e7-7ecab95a6ab8","zone":"fi-hel1"}'
    headers:
      Content-Length:
      - "1024"
      Content-Type:
      - application/json
      Date:
      - Wed, 07 Jun 2023 18:10:38 GMT
      Strict-Transport-Security:
      - max-age=63072000
    status: 200 OK
    code: 200
    duration: ""
- request:
    body: ""
    form: {}
    headers:
      Accept:
      - application/json
      Content-Type:
      - application/json
      User-Agent:
      - upcloud-go-api/6.3.1
    url: https://api.upcloud.com/1.3/load-balancer/0a5955c8-e31a-447e-86e7-7ecab95a6ab8
    method: GET
  response:
    body: '{"backends":[],"configured_status":"started","created_at":"2023-06-07T18:10:27.391155Z","dns_name":"lb-0a5955c8e31a447e86e77ecab95a6ab8-1.upcloudlb.com","frontends":[],"labels":[],"maintenance_dow":"sunday","maintenance_time":"00:20:29Z","name":"new-name-for-lb","network_uuid":"03c2e1f3-13b6-4891-92f8-995195c9e2a3","networks":[{"created_at":"2023-06-07T18:10:27.391155Z","dns_name":"lb-0a5955c8e31a447e86e77ecab95a6ab8-1.upcloudlb.com","family":"IPv4","name":"public-IPv4","type":"public","updated_at":"2023-06-07T18:10:27.391155Z"},{"created_at":"2023-06-07T18:10:27.391155Z","dns_name":"lb-0a5955c8e31a447e86e77ecab95a6ab8-2.upcloudlb.com","family":"IPv4","name":"private-IPv4","type":"private","updated_at":"2023-06-07T18:10:27.391155Z","uuid":"03c2e1f3-13b6-4891-92f8-995195c9e2a3"}],"nodes":[{"networks":[],"operational_state":"pending"}],"operational_state":"delete-server","plan":"development","resolvers":[],"updated_at":"2023-06-07T18:10:33.088485Z","uuid":"0a5955c8-e31a-447e-86e7-7ecab95a6ab8","zone":"fi-hel1"}'
    headers:
      Content-Length:
      - "1024"
      Content-Type:
      - application/json
      Date:
      - Wed, 07 Jun 2023 18:10:40 GMT
      Strict-Transport-Security:
      - max-age=63072000
    status: 200 OK
    code: 200
    duration: ""
- request:
    body: ""
    form: {}
    headers:
      Accept:
      - application/json
      Content-Type:
      - application/json
      User-Agent:
      - upcloud-go-api/6.3.1
    url: https://api.upcloud.com/1.3/load-balancer/0a5955c8-e31a-447e-86e7-7ecab95a6ab8
    method: GET
  response:
    body: '{"backends":[],"configured_status":"started","created_at":"2023-06-07T18:10:27.391155Z","dns_name":"lb-0a5955c8e31a447e86e77ecab95a6ab8-1.upcloudlb.com","frontends":[],"labels":[],"maintenance_dow":"sunday","maintenance_time":"00:20:29Z","name":"new-name-for-lb","network_uuid":"03c2e1f3-13b6-4891-92f8-995195c9e2a3","networks":[{"created_at":"2023-06-07T18:10:27.391155Z","dns_name":"lb-0a5955c8e31a447e86e77ecab95a6ab8-1.upcloudlb.com","family":"IPv4","name":"public-IPv4","type":"public","updated_at":"2023-06-07T18:10:27.391155Z"},{"created_at":"2023-06-07T18:10:27.391155Z","dns_name":"lb-0a5955c8e31a447e86e77ecab95a6ab8-2.upcloudlb.com","family":"IPv4","name":"private-IPv4","type":"private","updated_at":"2023-06-07T18:10:27.391155Z","uuid":"03c2e1f3-13b6-4891-92f8-995195c9e2a3"}],"nodes":[{"networks":[],"operational_state":"pending"}],"operational_state":"delete-server","plan":"development","resolvers":[],"updated_at":"2023-06-07T18:10:33.088485Z","uuid":"0a5955c8-e31a-447e-86e7-7ecab95a6ab8","zone":"fi-hel1"}'
    headers:
      Content-Length:
      - "1024"
      Content-Type:
      - application/json
      Date:
      - Wed, 07 Jun 2023 18:10:42 GMT
      Strict-Transport-Security:
      - max-age=63072000
    status: 200 OK
    code: 200
    duration: ""
- request:
    body: ""
    form: {}
    headers:
      Accept:
      - application/json
      Content-Type:
      - application/json
      User-Agent:
      - upcloud-go-api/6.3.1
    url: https://api.upcloud.com/1.3/load-balancer/0a5955c8-e31a-447e-86e7-7ecab95a6ab8
    method: GET
  response:
    body: '{"backends":[],"configured_status":"started","created_at":"2023-06-07T18:10:27.391155Z","dns_name":"lb-0a5955c8e31a447e86e77ecab95a6ab8-1.upcloudlb.com","frontends":[],"labels":[],"maintenance_dow":"sunday","maintenance_time":"00:20:29Z","name":"new-name-for-lb","network_uuid":"03c2e1f3-13b6-4891-92f8-995195c9e2a3","networks":[{"created_at":"2023-06-07T18:10:27.391155Z","dns_name":"lb-0a5955c8e31a447e86e77ecab95a6ab8-1.upcloudlb.com","family":"IPv4","name":"public-IPv4","type":"public","updated_at":"2023-06-07T18:10:27.391155Z"},{"created_at":"2023-06-07T18:10:27.391155Z","dns_name":"lb-0a5955c8e31a447e86e77ecab95a6ab8-2.upcloudlb.com","family":"IPv4","name":"private-IPv4","type":"private","updated_at":"2023-06-07T18:10:27.391155Z","uuid":"03c2e1f3-13b6-4891-92f8-995195c9e2a3"}],"nodes":[{"networks":[],"operational_state":"pending"}],"operational_state":"delete-server","plan":"development","resolvers":[],"updated_at":"2023-06-07T18:10:33.088485Z","uuid":"0a5955c8-e31a-447e-86e7-7ecab95a6ab8","zone":"fi-hel1"}'
    headers:
      Content-Length:
      - "1024"
      Content-Type:
      - application/json
      Date:
      - Wed, 07 Jun 2023 18:10:45 GMT
      Strict-Transport-Security:
      - max-age=63072000
    status: 200 OK
    code: 200
    duration: ""
- request:
    body: ""
    form: {}
    headers:
      Accept:
      - application/json
      Content-Type:
      - application/json
      User-Agent:
      - upcloud-go-api/6.3.1
    url: https://api.upcloud.com/1.3/load-balancer/0a5955c8-e31a-447e-86e7-7ecab95a6ab8
    method: GET
  response:
    body: '{"backends":[],"configured_status":"started","created_at":"2023-06-07T18:10:27.391155Z","dns_name":"lb-0a5955c8e31a447e86e77ecab95a6ab8-1.upcloudlb.com","frontends":[],"labels":[],"maintenance_dow":"sunday","maintenance_time":"00:20:29Z","name":"new-name-for-lb","network_uuid":"03c2e1f3-13b6-4891-92f8-995195c9e2a3","networks":[{"created_at":"2023-06-07T18:10:27.391155Z","dns_name":"lb-0a5955c8e31a447e86e77ecab95a6ab8-1.upcloudlb.com","family":"IPv4","name":"public-IPv4","type":"public","updated_at":"2023-06-07T18:10:27.391155Z"},{"created_at":"2023-06-07T18:10:27.391155Z","dns_name":"lb-0a5955c8e31a447e86e77ecab95a6ab8-2.upcloudlb.com","family":"IPv4","name":"private-IPv4","type":"private","updated_at":"2023-06-07T18:10:27.391155Z","uuid":"03c2e1f3-13b6-4891-92f8-995195c9e2a3"}],"nodes":[{"networks":[],"operational_state":"pending"}],"operational_state":"delete-server","plan":"development","resolvers":[],"updated_at":"2023-06-07T18:10:33.088485Z","uuid":"0a5955c8-e31a-447e-86e7-7ecab95a6ab8","zone":"fi-hel1"}'
    headers:
      Content-Length:
      - "1024"
      Content-Type:
      - application/json
      Date:
      - Wed, 07 Jun 2023 18:10:47 GMT
      Strict-Transport-Security:
      - max-age=63072000
    status: 200 OK
    code: 200
    duration: ""
- request:
    body: ""
    form: {}
    headers:
      Accept:
      - application/json
      Content-Type:
      - application/json
      User-Agent:
      - upcloud-go-api/6.3.1
    url: https://api.upcloud.com/1.3/load-balancer/0a5955c8-e31a-447e-86e7-7ecab95a6ab8
    method: GET
  response:
    body: '{"backends":[],"configured_status":"started","created_at":"2023-06-07T18:10:27.391155Z","dns_name":"lb-0a5955c8e31a447e86e77ecab95a6ab8-1.upcloudlb.com","frontends":[],"labels":[],"maintenance_dow":"sunday","maintenance_time":"00:20:29Z","name":"new-name-for-lb","network_uuid":"03c2e1f3-13b6-4891-92f8-995195c9e2a3","networks":[{"created_at":"2023-06-07T18:10:27.391155Z","dns_name":"lb-0a5955c8e31a447e86e77ecab95a6ab8-1.upcloudlb.com","family":"IPv4","name":"public-IPv4","type":"public","updated_at":"2023-06-07T18:10:27.391155Z"},{"created_at":"2023-06-07T18:10:27.391155Z","dns_name":"lb-0a5955c8e31a447e86e77ecab95a6ab8-2.upcloudlb.com","family":"IPv4","name":"private-IPv4","type":"private","updated_at":"2023-06-07T18:10:27.391155Z","uuid":"03c2e1f3-13b6-4891-92f8-995195c9e2a3"}],"nodes":[{"networks":[],"operational_state":"pending"}],"operational_state":"delete-server","plan":"development","resolvers":[],"updated_at":"2023-06-07T18:10:33.088485Z","uuid":"0a5955c8-e31a-447e-86e7-7ecab95a6ab8","zone":"fi-hel1"}'
    headers:
      Content-Length:
      - "1024"
      Content-Type:
      - application/json
      Date:
      - Wed, 07 Jun 2023 18:10:49 GMT
      Strict-Transport-Security:
      - max-age=63072000
    status: 200 OK
    code: 200
    duration: ""
- request:
    body: ""
    form: {}
    headers:
      Accept:
      - application/json
      Content-Type:
      - application/json
      User-Agent:
      - upcloud-go-api/6.3.1
    url: https://api.upcloud.com/1.3/load-balancer/0a5955c8-e31a-447e-86e7-7ecab95a6ab8
    method: GET
  response:
    body: '{"backends":[],"configured_status":"started","created_at":"2023-06-07T18:10:27.391155Z","dns_name":"lb-0a5955c8e31a447e86e77ecab95a6ab8-1.upcloudlb.com","frontends":[],"labels":[],"maintenance_dow":"sunday","maintenance_time":"00:20:29Z","name":"new-name-for-lb","network_uuid":"03c2e1f3-13b6-4891-92f8-995195c9e2a3","networks":[{"created_at":"2023-06-07T18:10:27.391155Z","dns_name":"lb-0a5955c8e31a447e86e77ecab95a6ab8-1.upcloudlb.com","family":"IPv4","name":"public-IPv4","type":"public","updated_at":"2023-06-07T18:10:27.391155Z"},{"created_at":"2023-06-07T18:10:27.391155Z","dns_name":"lb-0a5955c8e31a447e86e77ecab95a6ab8-2.upcloudlb.com","family":"IPv4","name":"private-IPv4","type":"private","updated_at":"2023-06-07T18:10:27.391155Z","uuid":"03c2e1f3-13b6-4891-92f8-995195c9e2a3"}],"nodes":[{"networks":[],"operational_state":"pending"}],"operational_state":"delete-server","plan":"development","resolvers":[],"updated_at":"2023-06-07T18:10:33.088485Z","uuid":"0a5955c8-e31a-447e-86e7-7ecab95a6ab8","zone":"fi-hel1"}'
    headers:
      Content-Length:
      - "1024"
      Content-Type:
      - application/json
      Date:
      - Wed, 07 Jun 2023 18:10:51 GMT
      Strict-Transport-Security:
      - max-age=63072000
    status: 200 OK
    code: 200
    duration: ""
- request:
    body: ""
    form: {}
    headers:
      Accept:
      - application/json
      Content-Type:
      - application/json
      User-Agent:
      - upcloud-go-api/6.3.1
    url: https://api.upcloud.com/1.3/load-balancer/0a5955c8-e31a-447e-86e7-7ecab95a6ab8
    method: GET
  response:
    body: '{"backends":[],"configured_status":"started","created_at":"2023-06-07T18:10:27.391155Z","dns_name":"lb-0a5955c8e31a447e86e77ecab95a6ab8-1.upcloudlb.com","frontends":[],"labels":[],"maintenance_dow":"sunday","maintenance_time":"00:20:29Z","name":"new-name-for-lb","network_uuid":"03c2e1f3-13b6-4891-92f8-995195c9e2a3","networks":[{"created_at":"2023-06-07T18:10:27.391155Z","dns_name":"lb-0a5955c8e31a447e86e77ecab95a6ab8-1.upcloudlb.com","family":"IPv4","name":"public-IPv4","type":"public","updated_at":"2023-06-07T18:10:27.391155Z"},{"created_at":"2023-06-07T18:10:27.391155Z","dns_name":"lb-0a5955c8e31a447e86e77ecab95a6ab8-2.upcloudlb.com","family":"IPv4","name":"private-IPv4","type":"private","updated_at":"2023-06-07T18:10:27.391155Z","uuid":"03c2e1f3-13b6-4891-92f8-995195c9e2a3"}],"nodes":[{"networks":[],"operational_state":"pending"}],"operational_state":"delete-server","plan":"development","resolvers":[],"updated_at":"2023-06-07T18:10:33.088485Z","uuid":"0a5955c8-e31a-447e-86e7-7ecab95a6ab8","zone":"fi-hel1"}'
    headers:
      Content-Length:
      - "1024"
      Content-Type:
      - application/json
      Date:
      - Wed, 07 Jun 2023 18:10:53 GMT
      Strict-Transport-Security:
      - max-age=63072000
    status: 200 OK
    code: 200
    duration: ""
- request:
    body: ""
    form: {}
    headers:
      Accept:
      - application/json
      Content-Type:
      - application/json
      User-Agent:
      - upcloud-go-api/6.3.1
    url: https://api.upcloud.com/1.3/load-balancer/0a5955c8-e31a-447e-86e7-7ecab95a6ab8
    method: GET
  response:
    body: '{"backends":[],"configured_status":"started","created_at":"2023-06-07T18:10:27.391155Z","dns_name":"lb-0a5955c8e31a447e86e77ecab95a6ab8-1.upcloudlb.com","frontends":[],"labels":[],"maintenance_dow":"sunday","maintenance_time":"00:20:29Z","name":"new-name-for-lb","network_uuid":"03c2e1f3-13b6-4891-92f8-995195c9e2a3","networks":[{"created_at":"2023-06-07T18:10:27.391155Z","dns_name":"lb-0a5955c8e31a447e86e77ecab95a6ab8-1.upcloudlb.com","family":"IPv4","name":"public-IPv4","type":"public","updated_at":"2023-06-07T18:10:27.391155Z"},{"created_at":"2023-06-07T18:10:27.391155Z","dns_name":"lb-0a5955c8e31a447e86e77ecab95a6ab8-2.upcloudlb.com","family":"IPv4","name":"private-IPv4","type":"private","updated_at":"2023-06-07T18:10:27.391155Z","uuid":"03c2e1f3-13b6-4891-92f8-995195c9e2a3"}],"nodes":[{"networks":[],"operational_state":"pending"}],"operational_state":"delete-server","plan":"development","resolvers":[],"updated_at":"2023-06-07T18:10:33.088485Z","uuid":"0a5955c8-e31a-447e-86e7-7ecab95a6ab8","zone":"fi-hel1"}'
    headers:
      Content-Length:
      - "1024"
      Content-Type:
      - application/json
      Date:
      - Wed, 07 Jun 2023 18:10:55 GMT
      Strict-Transport-Security:
      - max-age=63072000
    status: 200 OK
    code: 200
    duration: ""
- request:
    body: ""
    form: {}
    headers:
      Accept:
      - application/json
      Content-Type:
      - application/json
      User-Agent:
      - upcloud-go-api/6.3.1
    url: https://api.upcloud.com/1.3/load-balancer/0a5955c8-e31a-447e-86e7-7ecab95a6ab8
    method: GET
  response:
    body: '{"backends":[],"configured_status":"started","created_at":"2023-06-07T18:10:27.391155Z","dns_name":"lb-0a5955c8e31a447e86e77ecab95a6ab8-1.upcloudlb.com","frontends":[],"labels":[],"maintenance_dow":"sunday","maintenance_time":"00:20:29Z","name":"new-name-for-lb","network_uuid":"03c2e1f3-13b6-4891-92f8-995195c9e2a3","networks":[{"created_at":"2023-06-07T18:10:27.391155Z","dns_name":"lb-0a5955c8e31a447e86e77ecab95a6ab8-1.upcloudlb.com","family":"IPv4","name":"public-IPv4","type":"public","updated_at":"2023-06-07T18:10:27.391155Z"},{"created_at":"2023-06-07T18:10:27.391155Z","dns_name":"lb-0a5955c8e31a447e86e77ecab95a6ab8-2.upcloudlb.com","family":"IPv4","name":"private-IPv4","type":"private","updated_at":"2023-06-07T18:10:27.391155Z","uuid":"03c2e1f3-13b6-4891-92f8-995195c9e2a3"}],"nodes":[{"networks":[],"operational_state":"pending"}],"operational_state":"delete-server","plan":"development","resolvers":[],"updated_at":"2023-06-07T18:10:33.088485Z","uuid":"0a5955c8-e31a-447e-86e7-7ecab95a6ab8","zone":"fi-hel1"}'
    headers:
      Content-Length:
      - "1024"
      Content-Type:
      - application/json
      Date:
      - Wed, 07 Jun 2023 18:10:57 GMT
      Strict-Transport-Security:
      - max-age=63072000
    status: 200 OK
    code: 200
    duration: ""
- request:
    body: ""
    form: {}
    headers:
      Accept:
      - application/json
      Content-Type:
      - application/json
      User-Agent:
      - upcloud-go-api/6.3.1
    url: https://api.upcloud.com/1.3/load-balancer/0a5955c8-e31a-447e-86e7-7ecab95a6ab8
    method: GET
  response:
    body: '{"backends":[],"configured_status":"started","created_at":"2023-06-07T18:10:27.391155Z","dns_name":"lb-0a5955c8e31a447e86e77ecab95a6ab8-1.upcloudlb.com","frontends":[],"labels":[],"maintenance_dow":"sunday","maintenance_time":"00:20:29Z","name":"new-name-for-lb","network_uuid":"03c2e1f3-13b6-4891-92f8-995195c9e2a3","networks":[{"created_at":"2023-06-07T18:10:27.391155Z","dns_name":"lb-0a5955c8e31a447e86e77ecab95a6ab8-1.upcloudlb.com","family":"IPv4","name":"public-IPv4","type":"public","updated_at":"2023-06-07T18:10:27.391155Z"},{"created_at":"2023-06-07T18:10:27.391155Z","dns_name":"lb-0a5955c8e31a447e86e77ecab95a6ab8-2.upcloudlb.com","family":"IPv4","name":"private-IPv4","type":"private","updated_at":"2023-06-07T18:10:27.391155Z","uuid":"03c2e1f3-13b6-4891-92f8-995195c9e2a3"}],"nodes":[{"networks":[],"operational_state":"pending"}],"operational_state":"delete-server","plan":"development","resolvers":[],"updated_at":"2023-06-07T18:10:33.088485Z","uuid":"0a5955c8-e31a-447e-86e7-7ecab95a6ab8","zone":"fi-hel1"}'
    headers:
      Content-Length:
      - "1024"
      Content-Type:
      - application/json
      Date:
      - Wed, 07 Jun 2023 18:11:00 GMT
      Strict-Transport-Security:
      - max-age=63072000
    status: 200 OK
    code: 200
    duration: ""
- request:
    body: ""
    form: {}
    headers:
      Accept:
      - application/json
      Content-Type:
      - application/json
      User-Agent:
      - upcloud-go-api/6.3.1
    url: https://api.upcloud.com/1.3/load-balancer/0a5955c8-e31a-447e-86e7-7ecab95a6ab8
    method: GET
  response:
    body: '{"backends":[],"configured_status":"started","created_at":"2023-06-07T18:10:27.391155Z","dns_name":"lb-0a5955c8e31a447e86e77ecab95a6ab8-1.upcloudlb.com","frontends":[],"labels":[],"maintenance_dow":"sunday","maintenance_time":"00:20:29Z","name":"new-name-for-lb","network_uuid":"03c2e1f3-13b6-4891-92f8-995195c9e2a3","networks":[{"created_at":"2023-06-07T18:10:27.391155Z","dns_name":"lb-0a5955c8e31a447e86e77ecab95a6ab8-1.upcloudlb.com","family":"IPv4","name":"public-IPv4","type":"public","updated_at":"2023-06-07T18:10:27.391155Z"},{"created_at":"2023-06-07T18:10:27.391155Z","dns_name":"lb-0a5955c8e31a447e86e77ecab95a6ab8-2.upcloudlb.com","family":"IPv4","name":"private-IPv4","type":"private","updated_at":"2023-06-07T18:10:27.391155Z","uuid":"03c2e1f3-13b6-4891-92f8-995195c9e2a3"}],"nodes":[{"networks":[],"operational_state":"pending"}],"operational_state":"delete-server","plan":"development","resolvers":[],"updated_at":"2023-06-07T18:10:33.088485Z","uuid":"0a5955c8-e31a-447e-86e7-7ecab95a6ab8","zone":"fi-hel1"}'
    headers:
      Content-Length:
      - "1024"
      Content-Type:
      - application/json
      Date:
      - Wed, 07 Jun 2023 18:11:02 GMT
      Strict-Transport-Security:
      - max-age=63072000
    status: 200 OK
    code: 200
    duration: ""
- request:
    body: ""
    form: {}
    headers:
      Accept:
      - application/json
      Content-Type:
      - application/json
      User-Agent:
      - upcloud-go-api/6.3.1
    url: https://api.upcloud.com/1.3/load-balancer/0a5955c8-e31a-447e-86e7-7ecab95a6ab8
    method: GET
  response:
    body: '{"backends":[],"configured_status":"started","created_at":"2023-06-07T18:10:27.391155Z","dns_name":"lb-0a5955c8e31a447e86e77ecab95a6ab8-1.upcloudlb.com","frontends":[],"labels":[],"maintenance_dow":"sunday","maintenance_time":"00:20:29Z","name":"new-name-for-lb","network_uuid":"03c2e1f3-13b6-4891-92f8-995195c9e2a3","networks":[{"created_at":"2023-06-07T18:10:27.391155Z","dns_name":"lb-0a5955c8e31a447e86e77ecab95a6ab8-1.upcloudlb.com","family":"IPv4","name":"public-IPv4","type":"public","updated_at":"2023-06-07T18:10:27.391155Z"},{"created_at":"2023-06-07T18:10:27.391155Z","dns_name":"lb-0a5955c8e31a447e86e77ecab95a6ab8-2.upcloudlb.com","family":"IPv4","name":"private-IPv4","type":"private","updated_at":"2023-06-07T18:10:27.391155Z","uuid":"03c2e1f3-13b6-4891-92f8-995195c9e2a3"}],"nodes":[{"networks":[],"operational_state":"pending"}],"operational_state":"delete-server","plan":"development","resolvers":[],"updated_at":"2023-06-07T18:10:33.088485Z","uuid":"0a5955c8-e31a-447e-86e7-7ecab95a6ab8","zone":"fi-hel1"}'
    headers:
      Content-Length:
      - "1024"
      Content-Type:
      - application/json
      Date:
      - Wed, 07 Jun 2023 18:11:04 GMT
      Strict-Transport-Security:
      - max-age=63072000
    status: 200 OK
    code: 200
    duration: ""
- request:
    body: ""
    form: {}
    headers:
      Accept:
      - application/json
      Content-Type:
      - application/json
      User-Agent:
      - upcloud-go-api/6.3.1
    url: https://api.upcloud.com/1.3/load-balancer/0a5955c8-e31a-447e-86e7-7ecab95a6ab8
    method: GET
  response:
    body: '{"backends":[],"configured_status":"started","created_at":"2023-06-07T18:10:27.391155Z","dns_name":"lb-0a5955c8e31a447e86e77ecab95a6ab8-1.upcloudlb.com","frontends":[],"labels":[],"maintenance_dow":"sunday","maintenance_time":"00:20:29Z","name":"new-name-for-lb","network_uuid":"03c2e1f3-13b6-4891-92f8-995195c9e2a3","networks":[{"created_at":"2023-06-07T18:10:27.391155Z","dns_name":"lb-0a5955c8e31a447e86e77ecab95a6ab8-1.upcloudlb.com","family":"IPv4","name":"public-IPv4","type":"public","updated_at":"2023-06-07T18:10:27.391155Z"},{"created_at":"2023-06-07T18:10:27.391155Z","dns_name":"lb-0a5955c8e31a447e86e77ecab95a6ab8-2.upcloudlb.com","family":"IPv4","name":"private-IPv4","type":"private","updated_at":"2023-06-07T18:10:27.391155Z","uuid":"03c2e1f3-13b6-4891-92f8-995195c9e2a3"}],"nodes":[{"networks":[],"operational_state":"pending"}],"operational_state":"delete-server","plan":"development","resolvers":[],"updated_at":"2023-06-07T18:10:33.088485Z","uuid":"0a5955c8-e31a-447e-86e7-7ecab95a6ab8","zone":"fi-hel1"}'
    headers:
      Content-Length:
      - "1024"
      Content-Type:
      - application/json
      Date:
      - Wed, 07 Jun 2023 18:11:06 GMT
      Strict-Transport-Security:
      - max-age=63072000
    status: 200 OK
    code: 200
    duration: ""
- request:
    body: ""
    form: {}
    headers:
      Accept:
      - application/json
      Content-Type:
      - application/json
      User-Agent:
      - upcloud-go-api/6.3.1
    url: https://api.upcloud.com/1.3/load-balancer/0a5955c8-e31a-447e-86e7-7ecab95a6ab8
    method: GET
  response:
    body: '{"backends":[],"configured_status":"started","created_at":"2023-06-07T18:10:27.391155Z","dns_name":"lb-0a5955c8e31a447e86e77ecab95a6ab8-1.upcloudlb.com","frontends":[],"labels":[],"maintenance_dow":"sunday","maintenance_time":"00:20:29Z","name":"new-name-for-lb","network_uuid":"03c2e1f3-13b6-4891-92f8-995195c9e2a3","networks":[{"created_at":"2023-06-07T18:10:27.391155Z","dns_name":"lb-0a5955c8e31a447e86e77ecab95a6ab8-1.upcloudlb.com","family":"IPv4","name":"public-IPv4","type":"public","updated_at":"2023-06-07T18:10:27.391155Z"},{"created_at":"2023-06-07T18:10:27.391155Z","dns_name":"lb-0a5955c8e31a447e86e77ecab95a6ab8-2.upcloudlb.com","family":"IPv4","name":"private-IPv4","type":"private","updated_at":"2023-06-07T18:10:27.391155Z","uuid":"03c2e1f3-13b6-4891-92f8-995195c9e2a3"}],"nodes":[{"networks":[],"operational_state":"pending"}],"operational_state":"delete-server","plan":"development","resolvers":[],"updated_at":"2023-06-07T18:10:33.088485Z","uuid":"0a5955c8-e31a-447e-86e7-7ecab95a6ab8","zone":"fi-hel1"}'
    headers:
      Content-Length:
      - "1024"
      Content-Type:
      - application/json
      Date:
      - Wed, 07 Jun 2023 18:11:08 GMT
      Strict-Transport-Security:
      - max-age=63072000
    status: 200 OK
    code: 200
    duration: ""
- request:
    body: ""
    form: {}
    headers:
      Accept:
      - application/json
      Content-Type:
      - application/json
      User-Agent:
      - upcloud-go-api/6.3.1
    url: https://api.upcloud.com/1.3/load-balancer/0a5955c8-e31a-447e-86e7-7ecab95a6ab8
    method: GET
  response:
    body: '{"backends":[],"configured_status":"started","created_at":"2023-06-07T18:10:27.391155Z","dns_name":"lb-0a5955c8e31a447e86e77ecab95a6ab8-1.upcloudlb.com","frontends":[],"labels":[],"maintenance_dow":"sunday","maintenance_time":"00:20:29Z","name":"new-name-for-lb","network_uuid":"03c2e1f3-13b6-4891-92f8-995195c9e2a3","networks":[{"created_at":"2023-06-07T18:10:27.391155Z","dns_name":"lb-0a5955c8e31a447e86e77ecab95a6ab8-1.upcloudlb.com","family":"IPv4","name":"public-IPv4","type":"public","updated_at":"2023-06-07T18:10:27.391155Z"},{"created_at":"2023-06-07T18:10:27.391155Z","dns_name":"lb-0a5955c8e31a447e86e77ecab95a6ab8-2.upcloudlb.com","family":"IPv4","name":"private-IPv4","type":"private","updated_at":"2023-06-07T18:10:27.391155Z","uuid":"03c2e1f3-13b6-4891-92f8-995195c9e2a3"}],"nodes":[{"networks":[],"operational_state":"pending"}],"operational_state":"delete-server","plan":"development","resolvers":[],"updated_at":"2023-06-07T18:10:33.088485Z","uuid":"0a5955c8-e31a-447e-86e7-7ecab95a6ab8","zone":"fi-hel1"}'
    headers:
      Content-Length:
      - "1024"
      Content-Type:
      - application/json
      Date:
      - Wed, 07 Jun 2023 18:11:10 GMT
      Strict-Transport-Security:
      - max-age=63072000
    status: 200 OK
    code: 200
    duration: ""
- request:
    body: ""
    form: {}
    headers:
      Accept:
      - application/json
      Content-Type:
      - application/json
      User-Agent:
      - upcloud-go-api/6.3.1
    url: https://api.upcloud.com/1.3/load-balancer/0a5955c8-e31a-447e-86e7-7ecab95a6ab8
    method: GET
  response:
    body: '{"backends":[],"configured_status":"started","created_at":"2023-06-07T18:10:27.391155Z","dns_name":"lb-0a5955c8e31a447e86e77ecab95a6ab8-1.upcloudlb.com","frontends":[],"labels":[],"maintenance_dow":"sunday","maintenance_time":"00:20:29Z","name":"new-name-for-lb","network_uuid":"03c2e1f3-13b6-4891-92f8-995195c9e2a3","networks":[{"created_at":"2023-06-07T18:10:27.391155Z","dns_name":"lb-0a5955c8e31a447e86e77ecab95a6ab8-1.upcloudlb.com","family":"IPv4","name":"public-IPv4","type":"public","updated_at":"2023-06-07T18:10:27.391155Z"},{"created_at":"2023-06-07T18:10:27.391155Z","dns_name":"lb-0a5955c8e31a447e86e77ecab95a6ab8-2.upcloudlb.com","family":"IPv4","name":"private-IPv4","type":"private","updated_at":"2023-06-07T18:10:27.391155Z","uuid":"03c2e1f3-13b6-4891-92f8-995195c9e2a3"}],"nodes":[{"networks":[],"operational_state":"pending"}],"operational_state":"delete-server","plan":"development","resolvers":[],"updated_at":"2023-06-07T18:10:33.088485Z","uuid":"0a5955c8-e31a-447e-86e7-7ecab95a6ab8","zone":"fi-hel1"}'
    headers:
      Content-Length:
      - "1024"
      Content-Type:
      - application/json
      Date:
      - Wed, 07 Jun 2023 18:11:13 GMT
      Strict-Transport-Security:
      - max-age=63072000
    status: 200 OK
    code: 200
    duration: ""
- request:
    body: ""
    form: {}
    headers:
      Accept:
      - application/json
      Content-Type:
      - application/json
      User-Agent:
      - upcloud-go-api/6.3.1
    url: https://api.upcloud.com/1.3/load-balancer/0a5955c8-e31a-447e-86e7-7ecab95a6ab8
    method: GET
  response:
    body: '{"backends":[],"configured_status":"started","created_at":"2023-06-07T18:10:27.391155Z","dns_name":"lb-0a5955c8e31a447e86e77ecab95a6ab8-1.upcloudlb.com","frontends":[],"labels":[],"maintenance_dow":"sunday","maintenance_time":"00:20:29Z","name":"new-name-for-lb","network_uuid":"03c2e1f3-13b6-4891-92f8-995195c9e2a3","networks":[{"created_at":"2023-06-07T18:10:27.391155Z","dns_name":"lb-0a5955c8e31a447e86e77ecab95a6ab8-1.upcloudlb.com","family":"IPv4","name":"public-IPv4","type":"public","updated_at":"2023-06-07T18:10:27.391155Z"},{"created_at":"2023-06-07T18:10:27.391155Z","dns_name":"lb-0a5955c8e31a447e86e77ecab95a6ab8-2.upcloudlb.com","family":"IPv4","name":"private-IPv4","type":"private","updated_at":"2023-06-07T18:10:27.391155Z","uuid":"03c2e1f3-13b6-4891-92f8-995195c9e2a3"}],"nodes":[{"networks":[],"operational_state":"pending"}],"operational_state":"delete-server","plan":"development","resolvers":[],"updated_at":"2023-06-07T18:10:33.088485Z","uuid":"0a5955c8-e31a-447e-86e7-7ecab95a6ab8","zone":"fi-hel1"}'
    headers:
      Content-Length:
      - "1024"
      Content-Type:
      - application/json
      Date:
      - Wed, 07 Jun 2023 18:11:15 GMT
      Strict-Transport-Security:
      - max-age=63072000
    status: 200 OK
    code: 200
    duration: ""
- request:
    body: ""
    form: {}
    headers:
      Accept:
      - application/json
      Content-Type:
      - application/json
      User-Agent:
      - upcloud-go-api/6.3.1
    url: https://api.upcloud.com/1.3/load-balancer/0a5955c8-e31a-447e-86e7-7ecab95a6ab8
    method: GET
  response:
    body: '{"backends":[],"configured_status":"started","created_at":"2023-06-07T18:10:27.391155Z","dns_name":"lb-0a5955c8e31a447e86e77ecab95a6ab8-1.upcloudlb.com","frontends":[],"labels":[],"maintenance_dow":"sunday","maintenance_time":"00:20:29Z","name":"new-name-for-lb","network_uuid":"03c2e1f3-13b6-4891-92f8-995195c9e2a3","networks":[{"created_at":"2023-06-07T18:10:27.391155Z","dns_name":"lb-0a5955c8e31a447e86e77ecab95a6ab8-1.upcloudlb.com","family":"IPv4","name":"public-IPv4","type":"public","updated_at":"2023-06-07T18:10:27.391155Z"},{"created_at":"2023-06-07T18:10:27.391155Z","dns_name":"lb-0a5955c8e31a447e86e77ecab95a6ab8-2.upcloudlb.com","family":"IPv4","name":"private-IPv4","type":"private","updated_at":"2023-06-07T18:10:27.391155Z","uuid":"03c2e1f3-13b6-4891-92f8-995195c9e2a3"}],"nodes":[{"networks":[],"operational_state":"pending"}],"operational_state":"delete-server","plan":"development","resolvers":[],"updated_at":"2023-06-07T18:10:33.088485Z","uuid":"0a5955c8-e31a-447e-86e7-7ecab95a6ab8","zone":"fi-hel1"}'
    headers:
      Content-Length:
      - "1024"
      Content-Type:
      - application/json
      Date:
      - Wed, 07 Jun 2023 18:11:17 GMT
      Strict-Transport-Security:
      - max-age=63072000
    status: 200 OK
    code: 200
    duration: ""
- request:
    body: ""
    form: {}
    headers:
      Accept:
      - application/json
      Content-Type:
      - application/json
      User-Agent:
      - upcloud-go-api/6.3.1
    url: https://api.upcloud.com/1.3/load-balancer/0a5955c8-e31a-447e-86e7-7ecab95a6ab8
    method: GET
  response:
    body: '{"backends":[],"configured_status":"started","created_at":"2023-06-07T18:10:27.391155Z","dns_name":"lb-0a5955c8e31a447e86e77ecab95a6ab8-1.upcloudlb.com","frontends":[],"labels":[],"maintenance_dow":"sunday","maintenance_time":"00:20:29Z","name":"new-name-for-lb","network_uuid":"03c2e1f3-13b6-4891-92f8-995195c9e2a3","networks":[{"created_at":"2023-06-07T18:10:27.391155Z","dns_name":"lb-0a5955c8e31a447e86e77ecab95a6ab8-1.upcloudlb.com","family":"IPv4","name":"public-IPv4","type":"public","updated_at":"2023-06-07T18:10:27.391155Z"},{"created_at":"2023-06-07T18:10:27.391155Z","dns_name":"lb-0a5955c8e31a447e86e77ecab95a6ab8-2.upcloudlb.com","family":"IPv4","name":"private-IPv4","type":"private","updated_at":"2023-06-07T18:10:27.391155Z","uuid":"03c2e1f3-13b6-4891-92f8-995195c9e2a3"}],"nodes":[{"networks":[],"operational_state":"pending"}],"operational_state":"delete-server","plan":"development","resolvers":[],"updated_at":"2023-06-07T18:10:33.088485Z","uuid":"0a5955c8-e31a-447e-86e7-7ecab95a6ab8","zone":"fi-hel1"}'
    headers:
      Content-Length:
      - "1024"
      Content-Type:
      - application/json
      Date:
      - Wed, 07 Jun 2023 18:11:19 GMT
      Strict-Transport-Security:
      - max-age=63072000
    status: 200 OK
    code: 200
    duration: ""
- request:
    body: ""
    form: {}
    headers:
      Accept:
      - application/json
      Content-Type:
      - application/json
      User-Agent:
      - upcloud-go-api/6.3.1
    url: https://api.upcloud.com/1.3/load-balancer/0a5955c8-e31a-447e-86e7-7ecab95a6ab8
    method: GET
  response:
    body: '{"backends":[],"configured_status":"started","created_at":"2023-06-07T18:10:27.391155Z","dns_name":"lb-0a5955c8e31a447e86e77ecab95a6ab8-1.upcloudlb.com","frontends":[],"labels":[],"maintenance_dow":"sunday","maintenance_time":"00:20:29Z","name":"new-name-for-lb","network_uuid":"03c2e1f3-13b6-4891-92f8-995195c9e2a3","networks":[{"created_at":"2023-06-07T18:10:27.391155Z","dns_name":"lb-0a5955c8e31a447e86e77ecab95a6ab8-1.upcloudlb.com","family":"IPv4","name":"public-IPv4","type":"public","updated_at":"2023-06-07T18:10:27.391155Z"},{"created_at":"2023-06-07T18:10:27.391155Z","dns_name":"lb-0a5955c8e31a447e86e77ecab95a6ab8-2.upcloudlb.com","family":"IPv4","name":"private-IPv4","type":"private","updated_at":"2023-06-07T18:10:27.391155Z","uuid":"03c2e1f3-13b6-4891-92f8-995195c9e2a3"}],"nodes":[{"networks":[],"operational_state":"pending"}],"operational_state":"delete-server","plan":"development","resolvers":[],"updated_at":"2023-06-07T18:10:33.088485Z","uuid":"0a5955c8-e31a-447e-86e7-7ecab95a6ab8","zone":"fi-hel1"}'
    headers:
      Content-Length:
      - "1024"
      Content-Type:
      - application/json
      Date:
      - Wed, 07 Jun 2023 18:11:21 GMT
      Strict-Transport-Security:
      - max-age=63072000
    status: 200 OK
    code: 200
    duration: ""
- request:
    body: ""
    form: {}
    headers:
      Accept:
      - application/json
      Content-Type:
      - application/json
      User-Agent:
      - upcloud-go-api/6.3.1
    url: https://api.upcloud.com/1.3/load-balancer/0a5955c8-e31a-447e-86e7-7ecab95a6ab8
    method: GET
  response:
    body: '{"backends":[],"configured_status":"started","created_at":"2023-06-07T18:10:27.391155Z","dns_name":"lb-0a5955c8e31a447e86e77ecab95a6ab8-1.upcloudlb.com","frontends":[],"labels":[],"maintenance_dow":"sunday","maintenance_time":"00:20:29Z","name":"new-name-for-lb","network_uuid":"03c2e1f3-13b6-4891-92f8-995195c9e2a3","networks":[{"created_at":"2023-06-07T18:10:27.391155Z","dns_name":"lb-0a5955c8e31a447e86e77ecab95a6ab8-1.upcloudlb.com","family":"IPv4","name":"public-IPv4","type":"public","updated_at":"2023-06-07T18:10:27.391155Z"},{"created_at":"2023-06-07T18:10:27.391155Z","dns_name":"lb-0a5955c8e31a447e86e77ecab95a6ab8-2.upcloudlb.com","family":"IPv4","name":"private-IPv4","type":"private","updated_at":"2023-06-07T18:10:27.391155Z","uuid":"03c2e1f3-13b6-4891-92f8-995195c9e2a3"}],"nodes":[{"networks":[],"operational_state":"pending"}],"operational_state":"delete-server","plan":"development","resolvers":[],"updated_at":"2023-06-07T18:10:33.088485Z","uuid":"0a5955c8-e31a-447e-86e7-7ecab95a6ab8","zone":"fi-hel1"}'
    headers:
      Content-Length:
      - "1024"
      Content-Type:
      - application/json
      Date:
      - Wed, 07 Jun 2023 18:11:23 GMT
      Strict-Transport-Security:
      - max-age=63072000
    status: 200 OK
    code: 200
    duration: ""
- request:
    body: ""
    form: {}
    headers:
      Accept:
      - application/json
      Content-Type:
      - application/json
      User-Agent:
      - upcloud-go-api/6.3.1
    url: https://api.upcloud.com/1.3/load-balancer/0a5955c8-e31a-447e-86e7-7ecab95a6ab8
    method: GET
  response:
    body: '{"backends":[],"configured_status":"started","created_at":"2023-06-07T18:10:27.391155Z","dns_name":"lb-0a5955c8e31a447e86e77ecab95a6ab8-1.upcloudlb.com","frontends":[],"labels":[],"maintenance_dow":"sunday","maintenance_time":"00:20:29Z","name":"new-name-for-lb","network_uuid":"03c2e1f3-13b6-4891-92f8-995195c9e2a3","networks":[{"created_at":"2023-06-07T18:10:27.391155Z","dns_name":"lb-0a5955c8e31a447e86e77ecab95a6ab8-1.upcloudlb.com","family":"IPv4","name":"public-IPv4","type":"public","updated_at":"2023-06-07T18:10:27.391155Z"},{"created_at":"2023-06-07T18:10:27.391155Z","dns_name":"lb-0a5955c8e31a447e86e77ecab95a6ab8-2.upcloudlb.com","family":"IPv4","name":"private-IPv4","type":"private","updated_at":"2023-06-07T18:10:27.391155Z","uuid":"03c2e1f3-13b6-4891-92f8-995195c9e2a3"}],"nodes":[{"networks":[],"operational_state":"pending"}],"operational_state":"delete-server","plan":"development","resolvers":[],"updated_at":"2023-06-07T18:10:33.088485Z","uuid":"0a5955c8-e31a-447e-86e7-7ecab95a6ab8","zone":"fi-hel1"}'
    headers:
      Content-Length:
      - "1024"
      Content-Type:
      - application/json
      Date:
      - Wed, 07 Jun 2023 18:11:25 GMT
      Strict-Transport-Security:
      - max-age=63072000
    status: 200 OK
    code: 200
    duration: ""
- request:
    body: ""
    form: {}
    headers:
      Accept:
      - application/json
      Content-Type:
      - application/json
      User-Agent:
      - upcloud-go-api/6.3.1
    url: https://api.upcloud.com/1.3/load-balancer/0a5955c8-e31a-447e-86e7-7ecab95a6ab8
    method: GET
  response:
    body: '{"backends":[],"configured_status":"started","created_at":"2023-06-07T18:10:27.391155Z","dns_name":"lb-0a5955c8e31a447e86e77ecab95a6ab8-1.upcloudlb.com","frontends":[],"labels":[],"maintenance_dow":"sunday","maintenance_time":"00:20:29Z","name":"new-name-for-lb","network_uuid":"03c2e1f3-13b6-4891-92f8-995195c9e2a3","networks":[{"created_at":"2023-06-07T18:10:27.391155Z","dns_name":"lb-0a5955c8e31a447e86e77ecab95a6ab8-1.upcloudlb.com","family":"IPv4","name":"public-IPv4","type":"public","updated_at":"2023-06-07T18:10:27.391155Z"},{"created_at":"2023-06-07T18:10:27.391155Z","dns_name":"lb-0a5955c8e31a447e86e77ecab95a6ab8-2.upcloudlb.com","family":"IPv4","name":"private-IPv4","type":"private","updated_at":"2023-06-07T18:10:27.391155Z","uuid":"03c2e1f3-13b6-4891-92f8-995195c9e2a3"}],"nodes":[{"networks":[],"operational_state":"pending"}],"operational_state":"delete-server","plan":"development","resolvers":[],"updated_at":"2023-06-07T18:10:33.088485Z","uuid":"0a5955c8-e31a-447e-86e7-7ecab95a6ab8","zone":"fi-hel1"}'
    headers:
      Content-Length:
      - "1024"
      Content-Type:
      - application/json
      Date:
      - Wed, 07 Jun 2023 18:11:27 GMT
      Strict-Transport-Security:
      - max-age=63072000
    status: 200 OK
    code: 200
    duration: ""
- request:
    body: ""
    form: {}
    headers:
      Accept:
      - application/json
      Content-Type:
      - application/json
      User-Agent:
      - upcloud-go-api/6.3.1
    url: https://api.upcloud.com/1.3/load-balancer/0a5955c8-e31a-447e-86e7-7ecab95a6ab8
    method: GET
  response:
    body: '{"backends":[],"configured_status":"started","created_at":"2023-06-07T18:10:27.391155Z","dns_name":"lb-0a5955c8e31a447e86e77ecab95a6ab8-1.upcloudlb.com","frontends":[],"labels":[],"maintenance_dow":"sunday","maintenance_time":"00:20:29Z","name":"new-name-for-lb","network_uuid":"03c2e1f3-13b6-4891-92f8-995195c9e2a3","networks":[{"created_at":"2023-06-07T18:10:27.391155Z","dns_name":"lb-0a5955c8e31a447e86e77ecab95a6ab8-1.upcloudlb.com","family":"IPv4","name":"public-IPv4","type":"public","updated_at":"2023-06-07T18:10:27.391155Z"},{"created_at":"2023-06-07T18:10:27.391155Z","dns_name":"lb-0a5955c8e31a447e86e77ecab95a6ab8-2.upcloudlb.com","family":"IPv4","name":"private-IPv4","type":"private","updated_at":"2023-06-07T18:10:27.391155Z","uuid":"03c2e1f3-13b6-4891-92f8-995195c9e2a3"}],"nodes":[{"networks":[],"operational_state":"pending"}],"operational_state":"delete-server","plan":"development","resolvers":[],"updated_at":"2023-06-07T18:10:33.088485Z","uuid":"0a5955c8-e31a-447e-86e7-7ecab95a6ab8","zone":"fi-hel1"}'
    headers:
      Content-Length:
      - "1024"
      Content-Type:
      - application/json
      Date:
      - Wed, 07 Jun 2023 18:11:30 GMT
      Strict-Transport-Security:
      - max-age=63072000
    status: 200 OK
    code: 200
    duration: ""
- request:
    body: ""
    form: {}
    headers:
      Accept:
      - application/json
      Content-Type:
      - application/json
      User-Agent:
      - upcloud-go-api/6.3.1
    url: https://api.upcloud.com/1.3/load-balancer/0a5955c8-e31a-447e-86e7-7ecab95a6ab8
    method: GET
  response:
    body: '{"backends":[],"configured_status":"started","created_at":"2023-06-07T18:10:27.391155Z","dns_name":"lb-0a5955c8e31a447e86e77ecab95a6ab8-1.upcloudlb.com","frontends":[],"labels":[],"maintenance_dow":"sunday","maintenance_time":"00:20:29Z","name":"new-name-for-lb","network_uuid":"03c2e1f3-13b6-4891-92f8-995195c9e2a3","networks":[{"created_at":"2023-06-07T18:10:27.391155Z","dns_name":"lb-0a5955c8e31a447e86e77ecab95a6ab8-1.upcloudlb.com","family":"IPv4","name":"public-IPv4","type":"public","updated_at":"2023-06-07T18:10:27.391155Z"},{"created_at":"2023-06-07T18:10:27.391155Z","dns_name":"lb-0a5955c8e31a447e86e77ecab95a6ab8-2.upcloudlb.com","family":"IPv4","name":"private-IPv4","type":"private","updated_at":"2023-06-07T18:10:27.391155Z","uuid":"03c2e1f3-13b6-4891-92f8-995195c9e2a3"}],"nodes":[{"networks":[],"operational_state":"pending"}],"operational_state":"delete-server","plan":"development","resolvers":[],"updated_at":"2023-06-07T18:10:33.088485Z","uuid":"0a5955c8-e31a-447e-86e7-7ecab95a6ab8","zone":"fi-hel1"}'
    headers:
      Content-Length:
      - "1024"
      Content-Type:
      - application/json
      Date:
      - Wed, 07 Jun 2023 18:11:32 GMT
      Strict-Transport-Security:
      - max-age=63072000
    status: 200 OK
    code: 200
    duration: ""
- request:
    body: ""
    form: {}
    headers:
      Accept:
      - application/json
      Content-Type:
      - application/json
      User-Agent:
      - upcloud-go-api/6.3.1
    url: https://api.upcloud.com/1.3/load-balancer/0a5955c8-e31a-447e-86e7-7ecab95a6ab8
    method: GET
  response:
    body: '{"backends":[],"configured_status":"started","created_at":"2023-06-07T18:10:27.391155Z","dns_name":"lb-0a5955c8e31a447e86e77ecab95a6ab8-1.upcloudlb.com","frontends":[],"labels":[],"maintenance_dow":"sunday","maintenance_time":"00:20:29Z","name":"new-name-for-lb","network_uuid":"03c2e1f3-13b6-4891-92f8-995195c9e2a3","networks":[{"created_at":"2023-06-07T18:10:27.391155Z","dns_name":"lb-0a5955c8e31a447e86e77ecab95a6ab8-1.upcloudlb.com","family":"IPv4","name":"public-IPv4","type":"public","updated_at":"2023-06-07T18:10:27.391155Z"},{"created_at":"2023-06-07T18:10:27.391155Z","dns_name":"lb-0a5955c8e31a447e86e77ecab95a6ab8-2.upcloudlb.com","family":"IPv4","name":"private-IPv4","type":"private","updated_at":"2023-06-07T18:10:27.391155Z","uuid":"03c2e1f3-13b6-4891-92f8-995195c9e2a3"}],"nodes":[{"networks":[],"operational_state":"pending"}],"operational_state":"delete-server","plan":"development","resolvers":[],"updated_at":"2023-06-07T18:10:33.088485Z","uuid":"0a5955c8-e31a-447e-86e7-7ecab95a6ab8","zone":"fi-hel1"}'
    headers:
      Content-Length:
      - "1024"
      Content-Type:
      - application/json
      Date:
      - Wed, 07 Jun 2023 18:11:34 GMT
      Strict-Transport-Security:
      - max-age=63072000
    status: 200 OK
    code: 200
    duration: ""
- request:
    body: ""
    form: {}
    headers:
      Accept:
      - application/json
      Content-Type:
      - application/json
      User-Agent:
      - upcloud-go-api/6.3.1
    url: https://api.upcloud.com/1.3/load-balancer/0a5955c8-e31a-447e-86e7-7ecab95a6ab8
    method: GET
  response:
    body: '{"backends":[],"configured_status":"started","created_at":"2023-06-07T18:10:27.391155Z","dns_name":"lb-0a5955c8e31a447e86e77ecab95a6ab8-1.upcloudlb.com","frontends":[],"labels":[],"maintenance_dow":"sunday","maintenance_time":"00:20:29Z","name":"new-name-for-lb","network_uuid":"03c2e1f3-13b6-4891-92f8-995195c9e2a3","networks":[{"created_at":"2023-06-07T18:10:27.391155Z","dns_name":"lb-0a5955c8e31a447e86e77ecab95a6ab8-1.upcloudlb.com","family":"IPv4","name":"public-IPv4","type":"public","updated_at":"2023-06-07T18:10:27.391155Z"},{"created_at":"2023-06-07T18:10:27.391155Z","dns_name":"lb-0a5955c8e31a447e86e77ecab95a6ab8-2.upcloudlb.com","family":"IPv4","name":"private-IPv4","type":"private","updated_at":"2023-06-07T18:10:27.391155Z","uuid":"03c2e1f3-13b6-4891-92f8-995195c9e2a3"}],"nodes":[{"networks":[],"operational_state":"pending"}],"operational_state":"delete-server","plan":"development","resolvers":[],"updated_at":"2023-06-07T18:10:33.088485Z","uuid":"0a5955c8-e31a-447e-86e7-7ecab95a6ab8","zone":"fi-hel1"}'
    headers:
      Content-Length:
      - "1024"
      Content-Type:
      - application/json
      Date:
      - Wed, 07 Jun 2023 18:11:36 GMT
      Strict-Transport-Security:
      - max-age=63072000
    status: 200 OK
    code: 200
    duration: ""
- request:
    body: ""
    form: {}
    headers:
      Accept:
      - application/json
      Content-Type:
      - application/json
      User-Agent:
      - upcloud-go-api/6.3.1
    url: https://api.upcloud.com/1.3/load-balancer/0a5955c8-e31a-447e-86e7-7ecab95a6ab8
    method: GET
  response:
    body: '{"backends":[],"configured_status":"started","created_at":"2023-06-07T18:10:27.391155Z","dns_name":"lb-0a5955c8e31a447e86e77ecab95a6ab8-1.upcloudlb.com","frontends":[],"labels":[],"maintenance_dow":"sunday","maintenance_time":"00:20:29Z","name":"new-name-for-lb","network_uuid":"03c2e1f3-13b6-4891-92f8-995195c9e2a3","networks":[{"created_at":"2023-06-07T18:10:27.391155Z","dns_name":"lb-0a5955c8e31a447e86e77ecab95a6ab8-1.upcloudlb.com","family":"IPv4","name":"public-IPv4","type":"public","updated_at":"2023-06-07T18:10:27.391155Z"},{"created_at":"2023-06-07T18:10:27.391155Z","dns_name":"lb-0a5955c8e31a447e86e77ecab95a6ab8-2.upcloudlb.com","family":"IPv4","name":"private-IPv4","type":"private","updated_at":"2023-06-07T18:10:27.391155Z","uuid":"03c2e1f3-13b6-4891-92f8-995195c9e2a3"}],"nodes":[{"networks":[],"operational_state":"pending"}],"operational_state":"delete-server","plan":"development","resolvers":[],"updated_at":"2023-06-07T18:10:33.088485Z","uuid":"0a5955c8-e31a-447e-86e7-7ecab95a6ab8","zone":"fi-hel1"}'
    headers:
      Content-Length:
      - "1024"
      Content-Type:
      - application/json
      Date:
      - Wed, 07 Jun 2023 18:11:38 GMT
      Strict-Transport-Security:
      - max-age=63072000
    status: 200 OK
    code: 200
    duration: ""
- request:
    body: ""
    form: {}
    headers:
      Accept:
      - application/json
      Content-Type:
      - application/json
      User-Agent:
      - upcloud-go-api/6.3.1
    url: https://api.upcloud.com/1.3/load-balancer/0a5955c8-e31a-447e-86e7-7ecab95a6ab8
    method: GET
  response:
    body: |
      {"type":"https://developers.upcloud.com/1.3/errors#ERROR_RESOURCE_NOT_FOUND","title":"Service not found.","correlation_id":"01H2BGXAEBA1SWDSNFWVMH3HM7","status":404}
    headers:
      Content-Language:
      - en
      Content-Length:
      - "166"
      Content-Type:
      - application/problem+json
      Date:
      - Wed, 07 Jun 2023 18:11:40 GMT
      Strict-Transport-Security:
      - max-age=63072000
    status: 404 Not Found
    code: 404
    duration: ""
- request:
    body: ""
    form: {}
    headers:
      Accept:
      - application/json
      Content-Type:
      - application/json
      User-Agent:
      - upcloud-go-api/6.3.1
    url: https://api.upcloud.com/1.3/network/03c2e1f3-13b6-4891-92f8-995195c9e2a3
    method: DELETE
  response:
    body: ""
    headers:
      Date:
      - Wed, 07 Jun 2023 18:11:40 GMT
      Server:
      - Apache
      Strict-Transport-Security:
      - max-age=63072000
    status: 204 No Content
    code: 204
    duration: ""
