---
version: 1
interactions:
- request:
    body: '{"hostname_prefix":"modifyaccesscontrol","plan":"1x2xCPU-4GB-80GB-1D","properties":{"automatic_utility_network_ip_filter":true,"ip_filter":["10.0.0.1/32"],"public_access":true},"title":"modifyaccesscontrol","type":"opensearch","zone":"fi-hel2","maintenance":{"dow":"monday","time":"12:00:00"}}'
    form: {}
    headers:
      Accept:
      - application/json
      Content-Type:
      - application/json
      User-Agent:
      - upcloud-go-api/6.2.0
    url: https://api.upcloud.com/1.3/database
    method: POST
  response:
    body: '{"backups":[],"components":[{"component":"opensearch","host":"modifyaccesscontrol-zhbmidiechch.db.upclouddatabases.com","port":11550,"route":"dynamic","usage":"primary"},{"component":"opensearch","host":"public-modifyaccesscontrol-zhbmidiechch.db.upclouddatabases.com","port":11550,"route":"public","usage":"primary"},{"component":"opensearch_dashboards","host":"modifyaccesscontrol-zhbmidiechch.db.upclouddatabases.com","port":443,"route":"dynamic","usage":"primary"},{"component":"opensearch_dashboards","host":"public-modifyaccesscontrol-zhbmidiechch.db.upclouddatabases.com","port":443,"route":"public","usage":"primary"}],"create_time":"0001-01-01T00:00:00Z","maintenance":{"dow":"monday","time":"12:00:00","pending_updates":[]},"name":"modifyaccesscontrol","node_count":1,"node_states":[{"name":"modifyaccesscontrol-1","role":"","state":"setting_up_vm"}],"plan":"1x2xCPU-4GB-80GB-1D","powered":true,"metadata":{"opensearch_version":"2","upgrade_version":null},"properties":{"automatic_utility_network_ip_filter":true,"ip_filter":["10.0.0.1/32"],"max_index_count":0,"public_access":true,"version":"2"},"uuid":"09b6125c-b2b5-43f2-a9d0-720f72fffbf0","state":"rebuilding","title":"modifyaccesscontrol","type":"opensearch","update_time":"0001-01-01T00:00:00Z","service_uri":"https://upadmin:AVNS_Q5uzb-Npqc2iuAmImY-@modifyaccesscontrol-zhbmidiechch.db.upclouddatabases.com:11550","service_uri_params":{"host":"modifyaccesscontrol-zhbmidiechch.db.upclouddatabases.com","password":"AVNS_Q5uzb-Npqc2iuAmImY-","port":"11550","user":"upadmin"},"users":[{"username":"upadmin","type":"primary"}],"zone":"fi-hel2"}'
    headers:
      Access-Control-Allow-Origin:
      - '*'
      Content-Length:
      - "1607"
      Content-Type:
      - application/json
      Date:
      - Wed, 31 May 2023 11:00:24 GMT
      Strict-Transport-Security:
      - max-age=63072000
    status: 200 OK
    code: 200
    duration: ""
- request:
    body: ""
    form: {}
    headers:
      Accept:
      - application/json
      Content-Type:
      - application/json
      User-Agent:
      - upcloud-go-api/6.2.0
    url: https://api.upcloud.com/1.3/database/09b6125c-b2b5-43f2-a9d0-720f72fffbf0/access-control
    method: GET
  response:
    body: '{"access_control":false,"extended_access_control":false}'
    headers:
      Content-Length:
      - "56"
      Content-Type:
      - application/json
      Date:
      - Wed, 31 May 2023 11:04:15 GMT
      Strict-Transport-Security:
      - max-age=63072000
    status: 200 OK
    code: 200
    duration: ""
- request:
    body: '{"access_control":true}'
    form: {}
    headers:
      Accept:
      - application/json
      Content-Type:
      - application/json
      User-Agent:
      - upcloud-go-api/6.2.0
    url: https://api.upcloud.com/1.3/database/09b6125c-b2b5-43f2-a9d0-720f72fffbf0/access-control
    method: PATCH
  response:
    body: '{"access_control":true,"extended_access_control":false}'
    headers:
      Access-Control-Allow-Origin:
      - '*'
      Content-Length:
      - "55"
      Content-Type:
      - application/json
      Date:
      - Wed, 31 May 2023 11:04:15 GMT
      Strict-Transport-Security:
      - max-age=63072000
    status: 200 OK
    code: 200
    duration: ""
- request:
    body: '{"extended_access_control":true}'
    form: {}
    headers:
      Accept:
      - application/json
      Content-Type:
      - application/json
      User-Agent:
      - upcloud-go-api/6.2.0
    url: https://api.upcloud.com/1.3/database/09b6125c-b2b5-43f2-a9d0-720f72fffbf0/access-control
    method: PATCH
  response:
    body: '{"access_control":true,"extended_access_control":true}'
    headers:
      Access-Control-Allow-Origin:
      - '*'
      Content-Length:
      - "54"
      Content-Type:
      - application/json
      Date:
      - Wed, 31 May 2023 11:04:16 GMT
      Strict-Transport-Security:
      - max-age=63072000
    status: 200 OK
    code: 200
    duration: ""
- request:
    body: ""
    form: {}
    headers:
      Accept:
      - application/json
      Content-Type:
      - application/json
      User-Agent:
      - upcloud-go-api/6.2.0
    url: https://api.upcloud.com/1.3/database/09b6125c-b2b5-43f2-a9d0-720f72fffbf0
    method: DELETE
  response:
    body: ""
    headers:
      Date:
      - Wed, 31 May 2023 11:04:17 GMT
      Strict-Transport-Security:
      - max-age=63072000
    status: 204 No Content
    code: 204
    duration: ""
