---
version: 1
interactions:
- request:
    body: '{"server":{"hostname":"uploud-go-sdk-integration-test-testservergroups.example.com","metadata":"no","networking":{"interfaces":{"interface":[{"ip_addresses":{"ip_address":[{"family":"IPv4"}]},"type":"utility"}]}},"password_delivery":"none","storage_devices":{"storage_device":[{"action":"clone","storage":"01000000-0000-4000-8000-000020060100","title":"disk1","size":10,"tier":"maxiops"}]},"title":"uploud-go-sdk-integration-test-TestServerGroups","remote_access_enabled":"no","zone":"fi-hel2"}}'
    form: {}
    headers:
      Accept:
      - application/json
      Content-Type:
      - application/json
      User-Agent:
      - upcloud-go-api/5.3.0
    url: https://api.upcloud.com/1.3/server
    method: POST
  response:
    body: |
      {
         "server" : {
            "boot_order" : "disk",
            "core_number" : "1",
            "created" : 1674468646,
            "firewall" : "off",
            "hostname" : "uploud-go-sdk-integration-test-testservergroups.example.com",
            "ip_addresses" : {
               "ip_address" : [
                  {
                     "access" : "utility",
                     "address" : "10.6.3.144",
                     "family" : "IPv4"
                  }
               ]
            },
            "labels" : {
               "label" : []
            },
            "license" : 0,
            "memory_amount" : "1024",
            "metadata" : "no",
            "networking" : {
               "interfaces" : {
                  "interface" : [
                     {
                        "bootable" : "no",
                        "index" : 1,
                        "ip_addresses" : {
                           "ip_address" : [
                              {
                                 "address" : "10.6.3.144",
                                 "dhcp_provided" : "yes",
                                 "family" : "IPv4",
                                 "floating" : "no"
                              }
                           ]
                        },
                        "mac" : "d6:0e:4a:6f:ee:59",
                        "network" : "0362de07-207b-4773-a036-f4ee4afe93c9",
                        "source_ip_filtering" : "yes",
                        "type" : "utility"
                     }
                  ]
               }
            },
            "nic_model" : "virtio",
            "password" : "s9433ms3bcww2967",
            "plan" : "custom",
            "plan_ipv4_bytes" : "0",
            "plan_ipv6_bytes" : "0",
            "progress" : "0",
            "remote_access_enabled" : "no",
            "remote_access_password" : "8t9JTB4q",
            "remote_access_type" : "vnc",
            "server_group" : null,
            "simple_backup" : "no",
            "state" : "maintenance",
            "storage_devices" : {
               "storage_device" : [
                  {
                     "address" : "virtio:0",
                     "boot_disk" : "0",
                     "storage" : "0126ab1c-a9fc-4bae-b7a4-2ac1ed5c79f1",
                     "storage_size" : 10,
                     "storage_tier" : "maxiops",
                     "storage_title" : "disk1",
                     "type" : "disk"
                  }
               ]
            },
            "tags" : {
               "tag" : []
            },
            "timezone" : "UTC",
            "title" : "uploud-go-sdk-integration-test-TestServerGroups",
            "username" : "root",
            "uuid" : "00976a3f-5b2c-4c65-bdcd-d259d0af0ac8",
            "video_model" : "cirrus",
            "zone" : "fi-hel2"
         }
      }
    headers:
      Content-Length:
      - "2405"
      Content-Type:
      - application/json; charset=UTF-8
      Date:
      - Mon, 23 Jan 2023 10:10:46 GMT
      Server:
      - Apache
      Strict-Transport-Security:
      - max-age=63072000
    status: 202 Accepted
    code: 202
    duration: ""
- request:
    body: ""
    form: {}
    headers:
      Accept:
      - application/json
      Content-Type:
      - application/json
      User-Agent:
      - upcloud-go-api/5.3.0
    url: https://api.upcloud.com/1.3/server/00976a3f-5b2c-4c65-bdcd-d259d0af0ac8
    method: GET
  response:
    body: |
      {
         "server" : {
            "boot_order" : "disk",
            "core_number" : "1",
            "created" : 1674468646,
            "firewall" : "off",
            "host" : 5872304771,
            "hostname" : "uploud-go-sdk-integration-test-testservergroups.example.com",
            "ip_addresses" : {
               "ip_address" : [
                  {
                     "access" : "utility",
                     "address" : "10.6.3.144",
                     "family" : "IPv4"
                  }
               ]
            },
            "labels" : {
               "label" : []
            },
            "license" : 0,
            "memory_amount" : "1024",
            "metadata" : "no",
            "networking" : {
               "interfaces" : {
                  "interface" : [
                     {
                        "bootable" : "no",
                        "index" : 1,
                        "ip_addresses" : {
                           "ip_address" : [
                              {
                                 "address" : "10.6.3.144",
                                 "dhcp_provided" : "yes",
                                 "family" : "IPv4",
                                 "floating" : "no"
                              }
                           ]
                        },
                        "mac" : "d6:0e:4a:6f:ee:59",
                        "network" : "0362de07-207b-4773-a036-f4ee4afe93c9",
                        "source_ip_filtering" : "yes",
                        "type" : "utility"
                     }
                  ]
               }
            },
            "nic_model" : "virtio",
            "plan" : "custom",
            "plan_ipv4_bytes" : "0",
            "plan_ipv6_bytes" : "0",
            "remote_access_enabled" : "no",
            "remote_access_password" : "8t9JTB4q",
            "remote_access_type" : "vnc",
            "server_group" : null,
            "simple_backup" : "no",
            "state" : "started",
            "storage_devices" : {
               "storage_device" : [
                  {
                     "address" : "virtio:0",
                     "boot_disk" : "0",
                     "storage" : "0126ab1c-a9fc-4bae-b7a4-2ac1ed5c79f1",
                     "storage_size" : 10,
                     "storage_tier" : "maxiops",
                     "storage_title" : "disk1",
                     "type" : "disk"
                  }
               ]
            },
            "tags" : {
               "tag" : []
            },
            "timezone" : "UTC",
            "title" : "uploud-go-sdk-integration-test-TestServerGroups",
            "uuid" : "00976a3f-5b2c-4c65-bdcd-d259d0af0ac8",
            "video_model" : "cirrus",
            "zone" : "fi-hel2"
         }
      }
    headers:
      Content-Length:
      - "2338"
      Content-Type:
      - application/json; charset=UTF-8
      Date:
      - Mon, 23 Jan 2023 10:11:09 GMT
      Server:
      - Apache
      Strict-Transport-Security:
      - max-age=63072000
    status: 200 OK
    code: 200
    duration: ""
- request:
    body: '{"server_group":{"labels":{"label":[{"key":"managedBy","value":"upcloud-go-sdk-integration-test"}]},"servers":{"server":["00976a3f-5b2c-4c65-bdcd-d259d0af0ac8"]},"anti_affinity":"yes","title":"test-title"}}'
    form: {}
    headers:
      Accept:
      - application/json
      Content-Type:
      - application/json
      User-Agent:
      - upcloud-go-api/5.3.0
    url: https://api.upcloud.com/1.3/server-group
    method: POST
  response:
    body: |
      {
         "server_group" : {
            "anti_affinity" : "yes",
            "anti_affinity_status" : [
               {
                  "status" : "met",
                  "uuid" : "00976a3f-5b2c-4c65-bdcd-d259d0af0ac8"
               }
            ],
            "labels" : {
               "label" : [
                  {
                     "key" : "managedBy",
                     "value" : "upcloud-go-sdk-integration-test"
                  }
               ]
            },
            "servers" : {
               "server" : [
                  "00976a3f-5b2c-4c65-bdcd-d259d0af0ac8"
               ]
            },
            "title" : "test-title",
            "uuid" : "0be77630-8642-4e17-ae72-a65928a065c5"
         }
      }
    headers:
      Content-Length:
      - "596"
      Content-Type:
      - application/json; charset=UTF-8
      Date:
      - Mon, 23 Jan 2023 10:11:09 GMT
      Server:
      - Apache
      Strict-Transport-Security:
      - max-age=63072000
    status: 200 OK
    code: 200
    duration: ""
- request:
    body: '{"server_group":{"servers":{"server":[]},"title":"test-title-edit"}}'
    form: {}
    headers:
      Accept:
      - application/json
      Content-Type:
      - application/json
      User-Agent:
      - upcloud-go-api/5.3.0
    url: https://api.upcloud.com/1.3/server-group/0be77630-8642-4e17-ae72-a65928a065c5
    method: PATCH
  response:
    body: |
      {
         "server_group" : {
            "anti_affinity" : "yes",
            "anti_affinity_status" : [],
            "labels" : {
               "label" : [
                  {
                     "key" : "managedBy",
                     "value" : "upcloud-go-sdk-integration-test"
                  }
               ]
            },
            "servers" : {
               "server" : []
            },
            "title" : "test-title-edit",
            "uuid" : "0be77630-8642-4e17-ae72-a65928a065c5"
         }
      }
    headers:
      Content-Length:
      - "421"
      Content-Type:
      - application/json; charset=UTF-8
      Date:
      - Mon, 23 Jan 2023 10:11:09 GMT
      Server:
      - Apache
      Strict-Transport-Security:
      - max-age=63072000
    status: 200 OK
    code: 200
    duration: ""
- request:
    body: '{"server_group":{"servers":{"server":["00976a3f-5b2c-4c65-bdcd-d259d0af0ac8"]}}}'
    form: {}
    headers:
      Accept:
      - application/json
      Content-Type:
      - application/json
      User-Agent:
      - upcloud-go-api/5.3.0
    url: https://api.upcloud.com/1.3/server-group/0be77630-8642-4e17-ae72-a65928a065c5
    method: PATCH
  response:
    body: |
      {
         "server_group" : {
            "anti_affinity" : "yes",
            "anti_affinity_status" : [
               {
                  "status" : "met",
                  "uuid" : "00976a3f-5b2c-4c65-bdcd-d259d0af0ac8"
               }
            ],
            "labels" : {
               "label" : [
                  {
                     "key" : "managedBy",
                     "value" : "upcloud-go-sdk-integration-test"
                  }
               ]
            },
            "servers" : {
               "server" : [
                  "00976a3f-5b2c-4c65-bdcd-d259d0af0ac8"
               ]
            },
            "title" : "test-title-edit",
            "uuid" : "0be77630-8642-4e17-ae72-a65928a065c5"
         }
      }
    headers:
      Content-Length:
      - "601"
      Content-Type:
      - application/json; charset=UTF-8
      Date:
      - Mon, 23 Jan 2023 10:11:09 GMT
      Server:
      - Apache
      Strict-Transport-Security:
      - max-age=63072000
    status: 200 OK
    code: 200
    duration: ""
- request:
    body: '{"server_group":{"labels":{"label":[{"key":"managedBy","value":"upcloud-go-sdk-integration-test"},{"key":"title","value":"test-title"}]},"title":"test-title"}}'
    form: {}
    headers:
      Accept:
      - application/json
      Content-Type:
      - application/json
      User-Agent:
      - upcloud-go-api/5.3.0
    url: https://api.upcloud.com/1.3/server-group/0be77630-8642-4e17-ae72-a65928a065c5
    method: PATCH
  response:
    body: |
      {
         "server_group" : {
            "anti_affinity" : "yes",
            "anti_affinity_status" : [
               {
                  "status" : "met",
                  "uuid" : "00976a3f-5b2c-4c65-bdcd-d259d0af0ac8"
               }
            ],
            "labels" : {
               "label" : [
                  {
                     "key" : "managedBy",
                     "value" : "upcloud-go-sdk-integration-test"
                  },
                  {
                     "key" : "title",
                     "value" : "test-title"
                  }
               ]
            },
            "servers" : {
               "server" : [
                  "00976a3f-5b2c-4c65-bdcd-d259d0af0ac8"
               ]
            },
            "title" : "test-title",
            "uuid" : "0be77630-8642-4e17-ae72-a65928a065c5"
         }
      }
    headers:
      Content-Length:
      - "695"
      Content-Type:
      - application/json; charset=UTF-8
      Date:
      - Mon, 23 Jan 2023 10:11:09 GMT
      Server:
      - Apache
      Strict-Transport-Security:
      - max-age=63072000
    status: 200 OK
    code: 200
    duration: ""
- request:
    body: '{"server_group":{"anti_affinity":"no"}}'
    form: {}
    headers:
      Accept:
      - application/json
      Content-Type:
      - application/json
      User-Agent:
      - upcloud-go-api/5.3.0
    url: https://api.upcloud.com/1.3/server-group/0be77630-8642-4e17-ae72-a65928a065c5
    method: PATCH
  response:
    body: |
      {
         "server_group" : {
            "anti_affinity" : "no",
            "anti_affinity_status" : [
               {
                  "status" : "met",
                  "uuid" : "00976a3f-5b2c-4c65-bdcd-d259d0af0ac8"
               }
            ],
            "labels" : {
               "label" : [
                  {
                     "key" : "managedBy",
                     "value" : "upcloud-go-sdk-integration-test"
                  },
                  {
                     "key" : "title",
                     "value" : "test-title"
                  }
               ]
            },
            "servers" : {
               "server" : [
                  "00976a3f-5b2c-4c65-bdcd-d259d0af0ac8"
               ]
            },
            "title" : "test-title",
            "uuid" : "0be77630-8642-4e17-ae72-a65928a065c5"
         }
      }
    headers:
      Content-Length:
      - "694"
      Content-Type:
      - application/json; charset=UTF-8
      Date:
      - Mon, 23 Jan 2023 10:11:10 GMT
      Server:
      - Apache
      Strict-Transport-Security:
      - max-age=63072000
    status: 200 OK
    code: 200
    duration: ""
- request:
    body: ""
    form: {}
    headers:
      Accept:
      - application/json
      Content-Type:
      - application/json
      User-Agent:
      - upcloud-go-api/5.3.0
    url: https://api.upcloud.com/1.3/server-group
    method: GET
  response:
    body: |
      {
         "server_groups" : {
            "server_group" : [
               {
                  "anti_affinity" : "no",
                  "anti_affinity_status" : [
                     {
                        "status" : "met",
                        "uuid" : "00976a3f-5b2c-4c65-bdcd-d259d0af0ac8"
                     }
                  ],
                  "labels" : {
                     "label" : [
                        {
                           "key" : "managedBy",
                           "value" : "upcloud-go-sdk-integration-test"
                        },
                        {
                           "key" : "title",
                           "value" : "test-title"
                        }
                     ]
                  },
                  "servers" : {
                     "server" : [
                        "00976a3f-5b2c-4c65-bdcd-d259d0af0ac8"
                     ]
                  },
                  "title" : "test-title",
                  "uuid" : "0be77630-8642-4e17-ae72-a65928a065c5"
               }
            ]
         }
      }
    headers:
      Content-Length:
      - "906"
      Content-Type:
      - application/json; charset=UTF-8
      Date:
      - Mon, 23 Jan 2023 10:11:10 GMT
      Server:
      - Apache
      Strict-Transport-Security:
      - max-age=63072000
    status: 200 OK
    code: 200
    duration: ""
- request:
    body: ""
    form: {}
    headers:
      Accept:
      - application/json
      Content-Type:
      - application/json
      User-Agent:
      - upcloud-go-api/5.3.0
    url: https://api.upcloud.com/1.3/server-group?label=managedBy&label=title%3Dtest-title
    method: GET
  response:
    body: |
      {
         "server_groups" : {
            "server_group" : [
               {
                  "anti_affinity" : "no",
                  "anti_affinity_status" : [
                     {
                        "status" : "met",
                        "uuid" : "00976a3f-5b2c-4c65-bdcd-d259d0af0ac8"
                     }
                  ],
                  "labels" : {
                     "label" : [
                        {
                           "key" : "managedBy",
                           "value" : "upcloud-go-sdk-integration-test"
                        },
                        {
                           "key" : "title",
                           "value" : "test-title"
                        }
                     ]
                  },
                  "servers" : {
                     "server" : [
                        "00976a3f-5b2c-4c65-bdcd-d259d0af0ac8"
                     ]
                  },
                  "title" : "test-title",
                  "uuid" : "0be77630-8642-4e17-ae72-a65928a065c5"
               }
            ]
         }
      }
    headers:
      Content-Length:
      - "906"
      Content-Type:
      - application/json; charset=UTF-8
      Date:
      - Mon, 23 Jan 2023 10:11:10 GMT
      Server:
      - Apache
      Strict-Transport-Security:
      - max-age=63072000
    status: 200 OK
    code: 200
    duration: ""
- request:
    body: ""
    form: {}
    headers:
      Accept:
      - application/json
      Content-Type:
      - application/json
      User-Agent:
      - upcloud-go-api/5.3.0
    url: https://api.upcloud.com/1.3/server-group?label=managedBy&label=title%3Dtest-title
    method: GET
  response:
    body: |
      {
         "server_groups" : {
            "server_group" : [
               {
                  "anti_affinity" : "no",
                  "anti_affinity_status" : [
                     {
                        "status" : "met",
                        "uuid" : "00976a3f-5b2c-4c65-bdcd-d259d0af0ac8"
                     }
                  ],
                  "labels" : {
                     "label" : [
                        {
                           "key" : "managedBy",
                           "value" : "upcloud-go-sdk-integration-test"
                        },
                        {
                           "key" : "title",
                           "value" : "test-title"
                        }
                     ]
                  },
                  "servers" : {
                     "server" : [
                        "00976a3f-5b2c-4c65-bdcd-d259d0af0ac8"
                     ]
                  },
                  "title" : "test-title",
                  "uuid" : "0be77630-8642-4e17-ae72-a65928a065c5"
               }
            ]
         }
      }
    headers:
      Content-Length:
      - "906"
      Content-Type:
      - application/json; charset=UTF-8
      Date:
      - Mon, 23 Jan 2023 10:11:10 GMT
      Server:
      - Apache
      Strict-Transport-Security:
      - max-age=63072000
    status: 200 OK
    code: 200
    duration: ""
- request:
    body: ""
    form: {}
    headers:
      Accept:
      - application/json
      Content-Type:
      - application/json
      User-Agent:
      - upcloud-go-api/5.3.0
    url: https://api.upcloud.com/1.3/server-group/0be77630-8642-4e17-ae72-a65928a065c5
    method: GET
  response:
    body: |
      {
         "server_group" : {
            "anti_affinity" : "no",
            "anti_affinity_status" : [
               {
                  "status" : "met",
                  "uuid" : "00976a3f-5b2c-4c65-bdcd-d259d0af0ac8"
               }
            ],
            "labels" : {
               "label" : [
                  {
                     "key" : "managedBy",
                     "value" : "upcloud-go-sdk-integration-test"
                  },
                  {
                     "key" : "title",
                     "value" : "test-title"
                  }
               ]
            },
            "servers" : {
               "server" : [
                  "00976a3f-5b2c-4c65-bdcd-d259d0af0ac8"
               ]
            },
            "title" : "test-title",
            "uuid" : "0be77630-8642-4e17-ae72-a65928a065c5"
         }
      }
    headers:
      Content-Length:
      - "694"
      Content-Type:
      - application/json; charset=UTF-8
      Date:
      - Mon, 23 Jan 2023 10:11:10 GMT
      Server:
      - Apache
      Strict-Transport-Security:
      - max-age=63072000
    status: 200 OK
    code: 200
    duration: ""
- request:
    body: ""
    form: {}
    headers:
      Accept:
      - application/json
      Content-Type:
      - application/json
      User-Agent:
      - upcloud-go-api/5.3.0
    url: https://api.upcloud.com/1.3/server-group/0be77630-8642-4e17-ae72-a65928a065c5
    method: DELETE
  response:
    body: ""
    headers:
      Date:
      - Mon, 23 Jan 2023 10:11:10 GMT
      Server:
      - Apache
      Strict-Transport-Security:
      - max-age=63072000
    status: 204 No Content
    code: 204
    duration: ""
- request:
    body: '{"stop_server":{"stop_type":"hard","timeout":"900"}}'
    form: {}
    headers:
      Accept:
      - application/json
      Content-Type:
      - application/json
      User-Agent:
      - upcloud-go-api/5.3.0
    url: https://api.upcloud.com/1.3/server/00976a3f-5b2c-4c65-bdcd-d259d0af0ac8/stop
    method: POST
  response:
    body: |
      {
         "server" : {
            "boot_order" : "disk",
            "core_number" : "1",
            "created" : 1674468646,
            "firewall" : "off",
            "host" : 5872304771,
            "hostname" : "uploud-go-sdk-integration-test-testservergroups.example.com",
            "ip_addresses" : {
               "ip_address" : [
                  {
                     "access" : "utility",
                     "address" : "10.6.3.144",
                     "family" : "IPv4"
                  }
               ]
            },
            "labels" : {
               "label" : []
            },
            "license" : 0,
            "memory_amount" : "1024",
            "metadata" : "no",
            "networking" : {
               "interfaces" : {
                  "interface" : [
                     {
                        "bootable" : "no",
                        "index" : 1,
                        "ip_addresses" : {
                           "ip_address" : [
                              {
                                 "address" : "10.6.3.144",
                                 "dhcp_provided" : "yes",
                                 "family" : "IPv4",
                                 "floating" : "no"
                              }
                           ]
                        },
                        "mac" : "d6:0e:4a:6f:ee:59",
                        "network" : "0362de07-207b-4773-a036-f4ee4afe93c9",
                        "source_ip_filtering" : "yes",
                        "type" : "utility"
                     }
                  ]
               }
            },
            "nic_model" : "virtio",
            "plan" : "custom",
            "plan_ipv4_bytes" : "0",
            "plan_ipv6_bytes" : "0",
            "remote_access_enabled" : "no",
            "remote_access_password" : "8t9JTB4q",
            "remote_access_type" : "vnc",
            "server_group" : null,
            "simple_backup" : "no",
            "state" : "started",
            "storage_devices" : {
               "storage_device" : [
                  {
                     "address" : "virtio:0",
                     "boot_disk" : "0",
                     "storage" : "0126ab1c-a9fc-4bae-b7a4-2ac1ed5c79f1",
                     "storage_size" : 10,
                     "storage_tier" : "maxiops",
                     "storage_title" : "disk1",
                     "type" : "disk"
                  }
               ]
            },
            "tags" : {
               "tag" : []
            },
            "timezone" : "UTC",
            "title" : "uploud-go-sdk-integration-test-TestServerGroups",
            "uuid" : "00976a3f-5b2c-4c65-bdcd-d259d0af0ac8",
            "video_model" : "cirrus",
            "zone" : "fi-hel2"
         }
      }
    headers:
      Content-Length:
      - "2338"
      Content-Type:
      - application/json; charset=UTF-8
      Date:
      - Mon, 23 Jan 2023 10:11:11 GMT
      Server:
      - Apache
      Strict-Transport-Security:
      - max-age=63072000
    status: 200 OK
    code: 200
    duration: ""
- request:
    body: ""
    form: {}
    headers:
      Accept:
      - application/json
      Content-Type:
      - application/json
      User-Agent:
      - upcloud-go-api/5.3.0
    url: https://api.upcloud.com/1.3/server/00976a3f-5b2c-4c65-bdcd-d259d0af0ac8
    method: DELETE
  response:
    body: ""
    headers:
      Date:
      - Mon, 23 Jan 2023 10:11:21 GMT
      Server:
      - Apache
      Strict-Transport-Security:
      - max-age=63072000
    status: 204 No Content
    code: 204
    duration: ""
